Archive member included to satisfy reference by file (symbol)

c:/program files (x86)/atmel/studio/7.0/toolchain/arm/arm-gnu-toolchain/bin/../lib/gcc/arm-none-eabi/6.3.1/thumb/v7e-m\libgcc.a(_aeabi_uldivmod.o)
                              src/main.o (__aeabi_uldivmod)
c:/program files (x86)/atmel/studio/7.0/toolchain/arm/arm-gnu-toolchain/bin/../lib/gcc/arm-none-eabi/6.3.1/thumb/v7e-m\libgcc.a(_udivmoddi4.o)
                              c:/program files (x86)/atmel/studio/7.0/toolchain/arm/arm-gnu-toolchain/bin/../lib/gcc/arm-none-eabi/6.3.1/thumb/v7e-m\libgcc.a(_aeabi_uldivmod.o) (__udivmoddi4)
c:/program files (x86)/atmel/studio/7.0/toolchain/arm/arm-gnu-toolchain/bin/../lib/gcc/arm-none-eabi/6.3.1/thumb/v7e-m\libgcc.a(_dvmd_tls.o)
                              c:/program files (x86)/atmel/studio/7.0/toolchain/arm/arm-gnu-toolchain/bin/../lib/gcc/arm-none-eabi/6.3.1/thumb/v7e-m\libgcc.a(_aeabi_uldivmod.o) (__aeabi_ldiv0)
c:/program files (x86)/atmel/studio/7.0/toolchain/arm/arm-gnu-toolchain/bin/../lib/gcc/arm-none-eabi/6.3.1/../../../../arm-none-eabi/lib/thumb/v7e-m\libc.a(lib_a-exit.o)
                              c:/program files (x86)/atmel/studio/7.0/toolchain/arm/arm-gnu-toolchain/bin/../lib/gcc/arm-none-eabi/6.3.1/../../../../arm-none-eabi/lib/thumb/v7e-m/crt0.o (exit)
c:/program files (x86)/atmel/studio/7.0/toolchain/arm/arm-gnu-toolchain/bin/../lib/gcc/arm-none-eabi/6.3.1/../../../../arm-none-eabi/lib/thumb/v7e-m\libc.a(lib_a-impure.o)
                              c:/program files (x86)/atmel/studio/7.0/toolchain/arm/arm-gnu-toolchain/bin/../lib/gcc/arm-none-eabi/6.3.1/../../../../arm-none-eabi/lib/thumb/v7e-m\libc.a(lib_a-exit.o) (_global_impure_ptr)
c:/program files (x86)/atmel/studio/7.0/toolchain/arm/arm-gnu-toolchain/bin/../lib/gcc/arm-none-eabi/6.3.1/../../../../arm-none-eabi/lib/thumb/v7e-m\libc.a(lib_a-init.o)
                              c:/program files (x86)/atmel/studio/7.0/toolchain/arm/arm-gnu-toolchain/bin/../lib/gcc/arm-none-eabi/6.3.1/../../../../arm-none-eabi/lib/thumb/v7e-m/crt0.o (__libc_init_array)
c:/program files (x86)/atmel/studio/7.0/toolchain/arm/arm-gnu-toolchain/bin/../lib/gcc/arm-none-eabi/6.3.1/../../../../arm-none-eabi/lib/thumb/v7e-m\libc.a(lib_a-itoa.o)
                              src/main.o (itoa)
c:/program files (x86)/atmel/studio/7.0/toolchain/arm/arm-gnu-toolchain/bin/../lib/gcc/arm-none-eabi/6.3.1/../../../../arm-none-eabi/lib/thumb/v7e-m\libc.a(lib_a-memset.o)
                              c:/program files (x86)/atmel/studio/7.0/toolchain/arm/arm-gnu-toolchain/bin/../lib/gcc/arm-none-eabi/6.3.1/../../../../arm-none-eabi/lib/thumb/v7e-m/crt0.o (memset)
c:/program files (x86)/atmel/studio/7.0/toolchain/arm/arm-gnu-toolchain/bin/../lib/gcc/arm-none-eabi/6.3.1/../../../../arm-none-eabi/lib/thumb/v7e-m\libc.a(lib_a-utoa.o)
                              c:/program files (x86)/atmel/studio/7.0/toolchain/arm/arm-gnu-toolchain/bin/../lib/gcc/arm-none-eabi/6.3.1/../../../../arm-none-eabi/lib/thumb/v7e-m\libc.a(lib_a-itoa.o) (__utoa)
c:/program files (x86)/atmel/studio/7.0/toolchain/arm/arm-gnu-toolchain/bin/../lib/gcc/arm-none-eabi/6.3.1/../../../../arm-none-eabi/lib/thumb/v7e-m\libc.a(lib_a-__call_atexit.o)
                              c:/program files (x86)/atmel/studio/7.0/toolchain/arm/arm-gnu-toolchain/bin/../lib/gcc/arm-none-eabi/6.3.1/../../../../arm-none-eabi/lib/thumb/v7e-m\libc.a(lib_a-exit.o) (__call_exitprocs)
c:/program files (x86)/atmel/studio/7.0/toolchain/arm/arm-gnu-toolchain/bin/../lib/gcc/arm-none-eabi/6.3.1/../../../../arm-none-eabi/lib/thumb/v7e-m\libc.a(lib_a-atexit.o)
                              c:/program files (x86)/atmel/studio/7.0/toolchain/arm/arm-gnu-toolchain/bin/../lib/gcc/arm-none-eabi/6.3.1/../../../../arm-none-eabi/lib/thumb/v7e-m\libc.a(lib_a-__call_atexit.o) (atexit)
c:/program files (x86)/atmel/studio/7.0/toolchain/arm/arm-gnu-toolchain/bin/../lib/gcc/arm-none-eabi/6.3.1/../../../../arm-none-eabi/lib/thumb/v7e-m\libc.a(lib_a-fini.o)
                              c:/program files (x86)/atmel/studio/7.0/toolchain/arm/arm-gnu-toolchain/bin/../lib/gcc/arm-none-eabi/6.3.1/../../../../arm-none-eabi/lib/thumb/v7e-m\libc.a(lib_a-__call_atexit.o) (__libc_fini_array)
c:/program files (x86)/atmel/studio/7.0/toolchain/arm/arm-gnu-toolchain/bin/../lib/gcc/arm-none-eabi/6.3.1/../../../../arm-none-eabi/lib/thumb/v7e-m\libc.a(lib_a-lock.o)
                              c:/program files (x86)/atmel/studio/7.0/toolchain/arm/arm-gnu-toolchain/bin/../lib/gcc/arm-none-eabi/6.3.1/../../../../arm-none-eabi/lib/thumb/v7e-m\libc.a(lib_a-__call_atexit.o) (__retarget_lock_acquire_recursive)
c:/program files (x86)/atmel/studio/7.0/toolchain/arm/arm-gnu-toolchain/bin/../lib/gcc/arm-none-eabi/6.3.1/../../../../arm-none-eabi/lib/thumb/v7e-m\libc.a(lib_a-__atexit.o)
[...]
Memory Configuration

Name             Origin             Length             Attributes
rom              0x00400000         0x00200000         xr
ram              0x20400000         0x00060000         xrw
*default*        0x00000000         0xffffffff

Linker script and memory map

LOAD c:/program files (x86)/atmel/studio/7.0/toolchain/arm/arm-gnu-toolchain/bin/../lib/gcc/arm-none-eabi/6.3.1/thumb/v7e-m/crti.o
LOAD c:/program files (x86)/atmel/studio/7.0/toolchain/arm/arm-gnu-toolchain/bin/../lib/gcc/arm-none-eabi/6.3.1/thumb/v7e-m/crtbegin.o
LOAD c:/program files (x86)/atmel/studio/7.0/toolchain/arm/arm-gnu-toolchain/bin/../lib/gcc/arm-none-eabi/6.3.1/../../../../arm-none-eabi/lib/thumb/v7e-m/crt0.o
LOAD src/ASF/common/services/sleepmgr/sam/sleepmgr.o
LOAD src/ASF/sam/drivers/spi/spi.o
LOAD src/gfx_mono_framebuffer.o
LOAD src/gfx_mono_generic.o
LOAD src/gfx_mono_text.o
LOAD src/gfx_mono_ug_2832hsweg04.o
LOAD src/ssd1306.o
LOAD src/sysfont.o
LOAD src/ASF/common/services/delay/sam/cycle_counter.o
LOAD src/ASF/common/services/clock/same70/sysclk.o
LOAD src/ASF/common/utils/interrupt/interrupt_sam_nvic.o
LOAD src/ASF/sam/boards/same70_xplained/init.o
LOAD src/ASF/sam/drivers/mpu/mpu.o
LOAD src/ASF/sam/drivers/pio/pio.o
LOAD src/ASF/sam/drivers/pio/pio_handler.o
LOAD src/ASF/sam/drivers/pmc/pmc.o
LOAD src/ASF/sam/drivers/pmc/sleep.o
LOAD src/ASF/sam/utils/cmsis/same70/source/templates/gcc/startup_same70.o
LOAD src/ASF/sam/utils/cmsis/same70/source/templates/system_same70.o
LOAD src/ASF/sam/utils/syscalls/gcc/syscalls.o
LOAD src/main.o
START GROUP
LOAD ../src/ASF/thirdparty/CMSIS/Lib/GCC\libarm_cortexM7lfsp_math_softfp.a
LOAD c:/program files (x86)/atmel/studio/7.0/toolchain/arm/arm-gnu-toolchain/bin/../lib/gcc/arm-none-eabi/6.3.1/../../../../arm-none-eabi/lib/thumb/v7e-m\libm.a
END GROUP
START GROUP
LOAD c:/program files (x86)/atmel/studio/7.0/toolchain/arm/arm-gnu-toolchain/bin/../lib/gcc/arm-none-eabi/6.3.1/thumb/v7e-m\libgcc.a
LOAD c:/program files (x86)/atmel/studio/7.0/toolchain/arm/arm-gnu-toolchain/bin/../lib/gcc/arm-none-eabi/6.3.1/../../../../arm-none-eabi/lib/thumb/v7e-m\libc.a
END GROUP
LOAD c:/program files (x86)/atmel/studio/7.0/toolchain/arm/arm-gnu-toolchain/bin/../lib/gcc/arm-none-eabi/6.3.1/thumb/v7e-m/crtend.o
LOAD c:/program files (x86)/atmel/studio/7.0/toolchain/arm/arm-gnu-toolchain/bin/../lib/gcc/arm-none-eabi/6.3.1/thumb/v7e-m/crtn.o
                0x00002000                STACK_SIZE = DEFINED (STACK_SIZE)?STACK_SIZE:0x2000
                0x2045fffc                __ram_end__ = ((ORIGIN (ram) + LENGTH (ram)) - 0x4)
                0x00000200                HEAP_SIZE = DEFINED (HEAP_SIZE)?HEAP_SIZE:0x200

.text           0x00400000     0x26e0
                0x00400000                . = ALIGN (0x4)
                0x00400000                _sfixed = .
 *(.vectors .vectors.*)
 .vectors       0x00400000      0x140 src/ASF/sam/utils/cmsis/same70/source/templates/gcc/startup_same70.o
                0x00400000                exception_table
 *(.text .text.* .gnu.linkonce.t.*)
 .text          0x00400140       0x6c c:/program files (x86)/atmel/studio/7.0/toolchain/arm/arm-gnu-toolchain/bin/../lib/gcc/arm-none-eabi/6.3.1/thumb/v7e-m/crtbegin.o
 .text.spi_enable_clock
                0x004001ac       0x2c src/ASF/sam/drivers/spi/spi.o
                0x004001ac                spi_enable_clock
 .text.spi_set_peripheral_chip_select_value
                0x004001d8       0x16 src/ASF/sam/drivers/spi/spi.o
                0x004001d8                spi_set_peripheral_chip_select_value
 .text.spi_write
                0x004001ee       0x34 src/ASF/sam/drivers/spi/spi.o
                0x004001ee                spi_write
 .text.spi_set_clock_polarity
                0x00400222       0x1e src/ASF/sam/drivers/spi/spi.o
                0x00400222                spi_set_clock_polarity
 .text.spi_set_clock_phase
                0x00400240       0x1e src/ASF/sam/drivers/spi/spi.o
                0x00400240                spi_set_clock_phase
 .text.spi_configure_cs_behavior
                0x0040025e       0x46 src/ASF/sam/drivers/spi/spi.o
                0x0040025e                spi_configure_cs_behavior
 .text.spi_set_bits_per_transfer
                0x004002a4       0x14 src/ASF/sam/drivers/spi/spi.o
                0x004002a4                spi_set_bits_per_transfer
 .text.spi_calc_baudrate_div
                0x004002b8       0x16 src/ASF/sam/drivers/spi/spi.o
                0x004002b8                spi_calc_baudrate_div
 .text.spi_set_baudrate_div
                0x004002ce       0x28 src/ASF/sam/drivers/spi/spi.o
                0x004002ce                spi_set_baudrate_div
 *fill*         0x004002f6        0x2 
 .text.gfx_mono_set_framebuffer
                0x004002f8        0xc src/gfx_mono_framebuffer.o
                0x004002f8                gfx_mono_set_framebuffer
 .text.gfx_mono_framebuffer_put_byte
                0x00400304       0x10 src/gfx_mono_framebuffer.o
                0x00400304                gfx_mono_framebuffer_put_byte
 .text.gfx_mono_framebuffer_get_byte
                0x00400314       0x10 src/gfx_mono_framebuffer.o
                0x00400314                gfx_mono_framebuffer_get_byte
 .text.gfx_mono_generic_draw_horizontal_line
                0x00400324       0xd0 src/gfx_mono_generic.o
                0x00400324                gfx_mono_generic_draw_horizontal_line
 .text.gfx_mono_generic_draw_filled_rect
                0x004003f4       0x38 src/gfx_mono_generic.o
                0x004003f4                gfx_mono_generic_draw_filled_rect
 .text.gfx_mono_draw_char
                0x0040042c       0xac src/gfx_mono_text.o
                0x0040042c                gfx_mono_draw_char
 .text.gfx_mono_draw_string
                0x004004d8       0x48 src/gfx_mono_text.o
                0x004004d8                gfx_mono_draw_string
 .text.gfx_mono_ssd1306_put_byte
                0x00400520       0x50 src/gfx_mono_ug_2832hsweg04.o
                0x00400520                gfx_mono_ssd1306_put_byte
 .text.gfx_mono_ssd1306_init
                0x00400570       0x50 src/gfx_mono_ug_2832hsweg04.o
                0x00400570                gfx_mono_ssd1306_init
 .text.gfx_mono_ssd1306_draw_pixel
                0x004005c0       0x64 src/gfx_mono_ug_2832hsweg04.o
                0x004005c0                gfx_mono_ssd1306_draw_pixel
 .text.gfx_mono_ssd1306_get_byte
                0x00400624        0xc src/gfx_mono_ug_2832hsweg04.o
                0x00400624                gfx_mono_ssd1306_get_byte
 .text.ssd1306_write_command
                0x00400630       0x40 src/ssd1306.o
                0x00400630                ssd1306_write_command
 .text.ssd1306_init
                0x00400670      0x1e0 src/ssd1306.o
                0x00400670                ssd1306_init
 .text.ssd1306_write_data
                0x00400850       0x40 src/ssd1306.o
                0x00400850                ssd1306_write_data
 .text.sysclk_init
                0x00400890       0x70 src/ASF/common/services/clock/same70/sysclk.o
                0x00400890                sysclk_init
 .text.board_init
                0x00400900      0x140 src/ASF/sam/boards/same70_xplained/init.o
                0x00400900                board_init
 .text.pio_pull_up
                0x00400a40        0xa src/ASF/sam/drivers/pio/pio.o
                0x00400a40                pio_pull_up
 .text.pio_set  0x00400a4a        0x4 src/ASF/sam/drivers/pio/pio.o
                0x00400a4a                pio_set
 .text.pio_clear
                0x00400a4e        0x4 src/ASF/sam/drivers/pio/pio.o
                0x00400a4e                pio_clear
 .text.pio_set_peripheral
                0x00400a52       0x92 src/ASF/sam/drivers/pio/pio.o
                0x00400a52                pio_set_peripheral
 .text.pio_set_input
                0x00400ae4       0x36 src/ASF/sam/drivers/pio/pio.o
                0x00400ae4                pio_set_input
 .text.pio_set_output
                0x00400b1a       0x28 src/ASF/sam/drivers/pio/pio.o
                0x00400b1a                pio_set_output
 *fill*         0x00400b42        0x2 
 .text.pio_configure
                0x00400b44       0x90 src/ASF/sam/drivers/pio/pio.o
                0x00400b44                pio_configure
 .text.pio_configure_interrupt
                0x00400bd4       0x32 src/ASF/sam/drivers/pio/pio.o
                0x00400bd4                pio_configure_interrupt
 .text.pio_enable_interrupt
                0x00400c06        0x4 src/ASF/sam/drivers/pio/pio.o
                0x00400c06                pio_enable_interrupt
 .text.pio_get_interrupt_status
                0x00400c0a        0x4 src/ASF/sam/drivers/pio/pio.o
                0x00400c0a                pio_get_interrupt_status
 .text.pio_get_interrupt_mask
                0x00400c0e        0x4 src/ASF/sam/drivers/pio/pio.o
                0x00400c0e                pio_get_interrupt_mask
 *fill*         0x00400c12        0x2 
 .text.pio_handler_process
                0x00400c14       0x50 src/ASF/sam/drivers/pio/pio_handler.o
                0x00400c14                pio_handler_process
 .text.pio_handler_set
                0x00400c64       0x70 src/ASF/sam/drivers/pio/pio_handler.o
                0x00400c64                pio_handler_set
 .text.PIOA_Handler
                0x00400cd4       0x14 src/ASF/sam/drivers/pio/pio_handler.o
                0x00400cd4                PIOA_Handler
 .text.PIOB_Handler
                0x00400ce8       0x14 src/ASF/sam/drivers/pio/pio_handler.o
                0x00400ce8                PIOB_Handler
 .text.PIOC_Handler
                0x00400cfc       0x14 src/ASF/sam/drivers/pio/pio_handler.o
                0x00400cfc                PIOC_Handler
 .text.PIOD_Handler
                0x00400d10       0x14 src/ASF/sam/drivers/pio/pio_handler.o
                0x00400d10                PIOD_Handler
 .text.PIOE_Handler
                0x00400d24       0x14 src/ASF/sam/drivers/pio/pio_handler.o
                0x00400d24                PIOE_Handler
 .text.pmc_mck_set_division
                0x00400d38       0x38 src/ASF/sam/drivers/pmc/pmc.o
                0x00400d38                pmc_mck_set_division
 .text.pmc_switch_mck_to_pllack
                0x00400d70       0x64 src/ASF/sam/drivers/pmc/pmc.o
                0x00400d70                pmc_switch_mck_to_pllack
 .text.pmc_switch_mainck_to_xtal
                0x00400dd4       0x54 src/ASF/sam/drivers/pmc/pmc.o
                0x00400dd4                pmc_switch_mainck_to_xtal
 .text.pmc_osc_is_ready_mainck
                0x00400e28       0x10 src/ASF/sam/drivers/pmc/pmc.o
                0x00400e28                pmc_osc_is_ready_mainck
 .text.pmc_disable_pllack
                0x00400e38       0x10 src/ASF/sam/drivers/pmc/pmc.o
                0x00400e38                pmc_disable_pllack
 .text.pmc_is_locked_pllack
                0x00400e48       0x10 src/ASF/sam/drivers/pmc/pmc.o
                0x00400e48                pmc_is_locked_pllack
 .text.pmc_enable_periph_clk
                0x00400e58       0x54 src/ASF/sam/drivers/pmc/pmc.o
                0x00400e58                pmc_enable_periph_clk
 .text.pmc_set_flash_in_wait_mode
                0x00400eac        0x2 src/ASF/sam/drivers/pmc/pmc.o
                0x00400eac                pmc_set_flash_in_wait_mode
 *fill*         0x00400eae        0x2 
 .text.pmc_enable_waitmode
                0x00400eb0       0x4c src/ASF/sam/drivers/pmc/pmc.o
                0x00400eb0                pmc_enable_waitmode
 .text.pmc_sleep
                0x00400efc      0x274 src/ASF/sam/drivers/pmc/sleep.o
                0x00400efc                pmc_sleep
 .text.Dummy_Handler
                0x00401170        0x2 src/ASF/sam/utils/cmsis/same70/source/templates/gcc/startup_same70.o
                0x00401170                DACC_Handler
                0x00401170                DebugMon_Handler
                0x00401170                UART3_Handler
                0x00401170                UART2_Handler
                0x00401170                TRNG_Handler
                0x00401170                HardFault_Handler
                0x00401170                TC2_Handler
                0x00401170                SysTick_Handler
                0x00401170                AFEC1_Handler
                0x00401170                PendSV_Handler
                0x00401170                NMI_Handler
                0x00401170                TC7_Handler
                0x00401170                QSPI_Handler
                0x00401170                ISI_Handler
                0x00401170                TC9_Handler
                0x00401170                RSWDT_Handler
                0x00401170                MCAN1_Handler
                0x00401170                USART0_Handler
                0x00401170                RTT_Handler
                0x00401170                USBHS_Handler
                0x00401170                RTC_Handler
                0x00401170                UsageFault_Handler
                0x00401170                TC6_Handler
                0x00401170                WDT_Handler
                0x00401170                TC4_Handler
                0x00401170                TC1_Handler
                0x00401170                HSMCI_Handler
                0x00401170                UART1_Handler
                0x00401170                TC3_Handler
                0x00401170                Dummy_Handler
                0x00401170                TWIHS1_Handler
                0x00401170                XDMAC_Handler
                0x00401170                UART4_Handler
                0x00401170                PWM1_Handler
                0x00401170                USART1_Handler
                0x00401170                PWM0_Handler
                0x00401170                AFEC0_Handler
                0x00401170                SSC_Handler
                0x00401170                TC11_Handler
                0x00401170                ACC_Handler
                0x00401170                PMC_Handler
                0x00401170                GMAC_Handler
                0x00401170                MemManage_Handler
                0x00401170                SUPC_Handler
                0x00401170                SVC_Handler
                0x00401170                TC8_Handler
                0x00401170                EFC_Handler
                0x00401170                USART2_Handler
                0x00401170                SDRAMC_Handler
                0x00401170                SPI1_Handler
                0x00401170                MCAN0_Handler
                0x00401170                TC10_Handler
                0x00401170                TWIHS2_Handler
                0x00401170                UART0_Handler
                0x00401170                BusFault_Handler
                0x00401170                RSTC_Handler
                0x00401170                TC0_Handler
                0x00401170                TC5_Handler
                0x00401170                ICM_Handler
                0x00401170                AES_Handler
                0x00401170                TWIHS0_Handler
                0x00401170                SPI0_Handler
 *fill*         0x00401172        0x2 
 .text.Reset_Handler
                0x00401174       0xc8 src/ASF/sam/utils/cmsis/same70/source/templates/gcc/startup_same70.o
                0x00401174                Reset_Handler
 .text.SystemCoreClockUpdate
                0x0040123c      0x10c src/ASF/sam/utils/cmsis/same70/source/templates/system_same70.o
                0x0040123c                SystemCoreClockUpdate
 .text.system_init_flash
                0x00401348       0x8c src/ASF/sam/utils/cmsis/same70/source/templates/system_same70.o
                0x00401348                system_init_flash
 .text.but_flag_callback
                0x004013d4        0xc src/main.o
                0x004013d4                but_flag_callback
 .text.display_freq
                0x004013e0       0x28 src/main.o
                0x004013e0                display_freq
 .text.but_p_freq_callback
                0x00401408       0x1c src/main.o
                0x00401408                but_p_freq_callback
 .text.but_m_freq_callback
                0x00401424       0x34 src/main.o
                0x00401424                but_m_freq_callback
 .text.but_stop_callback
                0x00401458       0x2c src/main.o
                0x00401458                but_stop_callback
 .text.io_init  0x00401484      0x164 src/main.o
                0x00401484                io_init
 .text.main     0x004015e8      0x128 src/main.o
                0x004015e8                main
 .text          0x00401710       0x30 c:/program files (x86)/atmel/studio/7.0/toolchain/arm/arm-gnu-toolchain/bin/../lib/gcc/arm-none-eabi/6.3.1/thumb/v7e-m\libgcc.a(_aeabi_uldivmod.o)
                0x00401710                __aeabi_uldivmod
 .text          0x00401740      0x2dc c:/program files (x86)/atmel/studio/7.0/toolchain/arm/arm-gnu-toolchain/bin/../lib/gcc/arm-none-eabi/6.3.1/thumb/v7e-m\libgcc.a(_udivmoddi4.o)
                0x00401740                __udivmoddi4
 .text          0x00401a1c        0x4 c:/program files (x86)/atmel/studio/7.0/toolchain/arm/arm-gnu-toolchain/bin/../lib/gcc/arm-none-eabi/6.3.1/thumb/v7e-m\libgcc.a(_dvmd_tls.o)
                0x00401a1c                __aeabi_idiv0
                0x00401a1c                __aeabi_ldiv0
 .text.__libc_init_array
                0x00401a20       0x50 c:/program files (x86)/atmel/studio/7.0/toolchain/arm/arm-gnu-toolchain/bin/../lib/gcc/arm-none-eabi/6.3.1/../../../../arm-none-eabi/lib/thumb/v7e-m\libc.a(lib_a-init.o)
                0x00401a20                __libc_init_array
 .text.__itoa   0x00401a70       0x30 c:/program files (x86)/atmel/studio/7.0/toolchain/arm/arm-gnu-toolchain/bin/../lib/gcc/arm-none-eabi/6.3.1/../../../../arm-none-eabi/lib/thumb/v7e-m\libc.a(lib_a-itoa.o)
                0x00401a70                __itoa
 .text.itoa     0x00401aa0        0x4 c:/program files (x86)/atmel/studio/7.0/toolchain/arm/arm-gnu-toolchain/bin/../lib/gcc/arm-none-eabi/6.3.1/../../../../arm-none-eabi/lib/thumb/v7e-m\libc.a(lib_a-itoa.o)
                0x00401aa0                itoa
 .text.__utoa   0x00401aa4       0x80 c:/program files (x86)/atmel/studio/7.0/toolchain/arm/arm-gnu-toolchain/bin/../lib/gcc/arm-none-eabi/6.3.1/../../../../arm-none-eabi/lib/thumb/v7e-m\libc.a(lib_a-utoa.o)
                0x00401aa4                __utoa
 .text.startup.register_fini
                0x00401b24       0x14 c:/program files (x86)/atmel/studio/7.0/toolchain/arm/arm-gnu-toolchain/bin/../lib/gcc/arm-none-eabi/6.3.1/../../../../arm-none-eabi/lib/thumb/v7e-m\libc.a(lib_a-__call_atexit.o)
 .text.atexit   0x00401b38        0xc c:/program files (x86)/atmel/studio/7.0/toolchain/arm/arm-gnu-toolchain/bin/../lib/gcc/arm-none-eabi/6.3.1/../../../../arm-none-eabi/lib/thumb/v7e-m\libc.a(lib_a-atexit.o)
                0x00401b38                atexit
 .text.__libc_fini_array
                0x00401b44       0x34 c:/program files (x86)/atmel/studio/7.0/toolchain/arm/arm-gnu-toolchain/bin/../lib/gcc/arm-none-eabi/6.3.1/../../../../arm-none-eabi/lib/thumb/v7e-m\libc.a(lib_a-fini.o)
                0x00401b44                __libc_fini_array
 .text.__retarget_lock_acquire_recursive
                0x00401b78        0x4 c:/program files (x86)/atmel/studio/7.0/toolchain/arm/arm-gnu-toolchain/bin/../lib/gcc/arm-none-eabi/6.3.1/../../../../arm-none-eabi/lib/thumb/v7e-m\libc.a(lib_a-lock.o)
                0x00401b78                __retarget_lock_acquire_recursive
 .text.__retarget_lock_release_recursive
                0x00401b7c        0x4 c:/program files (x86)/atmel/studio/7.0/toolchain/arm/arm-gnu-toolchain/bin/../lib/gcc/arm-none-eabi/6.3.1/../../../../arm-none-eabi/lib/thumb/v7e-m\libc.a(lib_a-lock.o)
                0x00401b7c                __retarget_lock_release_recursive
 .text.__register_exitproc
                0x00401b80       0xc4 c:/program files (x86)/atmel/studio/7.0/toolchain/arm/arm-gnu-toolchain/bin/../lib/gcc/arm-none-eabi/6.3.1/../../../../arm-none-eabi/lib/thumb/v7e-m\libc.a(lib_a-__atexit.o)
                0x00401b80                __register_exitproc
 *(.glue_7t)
 .glue_7t       0x00401c44        0x0 linker stubs
 *(.glue_7)
 .glue_7        0x00401c44        0x0 linker stubs
 *(.rodata .rodata* .gnu.linkonce.r.*)
 .rodata.sysfont_glyphs
                0x00401c44      0xa48 src/sysfont.o
 .rodata.main.str1.4
                0x0040268c        0x3 src/main.o
 *fill*         0x0040268f        0x1 
 .rodata._global_impure_ptr
                0x00402690        0x4 c:/program files (x86)/atmel/studio/7.0/toolchain/arm/arm-gnu-toolchain/bin/../lib/gcc/arm-none-eabi/6.3.1/../../../../arm-none-eabi/lib/thumb/v7e-m\libc.a(lib_a-impure.o)
                0x00402690                _global_impure_ptr
 .rodata.__utoa.str1.4
                0x00402694       0x28 c:/program files (x86)/atmel/studio/7.0/toolchain/arm/arm-gnu-toolchain/bin/../lib/gcc/arm-none-eabi/6.3.1/../../../../arm-none-eabi/lib/thumb/v7e-m\libc.a(lib_a-utoa.o)
                                 0x25 (size before relaxing)
 *(.ARM.extab* .gnu.linkonce.armextab.*)
                0x004026bc                . = ALIGN (0x4)
 *(.init)
 .init          0x004026bc        0x4 c:/program files (x86)/atmel/studio/7.0/toolchain/arm/arm-gnu-toolchain/bin/../lib/gcc/arm-none-eabi/6.3.1/thumb/v7e-m/crti.o
                0x004026bc                _init
 .init          0x004026c0        0x8 c:/program files (x86)/atmel/studio/7.0/toolchain/arm/arm-gnu-toolchain/bin/../lib/gcc/arm-none-eabi/6.3.1/thumb/v7e-m/crtn.o
                0x004026c8                . = ALIGN (0x4)
                0x004026c8                __preinit_array_start = .
 *(.preinit_array)
                0x004026c8                __preinit_array_end = .
                0x004026c8                . = ALIGN (0x4)
                0x004026c8                __init_array_start = .
 *(SORT(.init_array.*))
 .init_array.00000
                0x004026c8        0x4 c:/program files (x86)/atmel/studio/7.0/toolchain/arm/arm-gnu-toolchain/bin/../lib/gcc/arm-none-eabi/6.3.1/../../../../arm-none-eabi/lib/thumb/v7e-m\libc.a(lib_a-__call_atexit.o)
 *(.init_array)
 .init_array    0x004026cc        0x4 c:/program files (x86)/atmel/studio/7.0/toolchain/arm/arm-gnu-toolchain/bin/../lib/gcc/arm-none-eabi/6.3.1/thumb/v7e-m/crtbegin.o
                0x004026d0                __init_array_end = .
                0x004026d0                . = ALIGN (0x4)
 *crtbegin.o(.ctors)
 *(EXCLUDE_FILE(*crtend.o) .ctors)
 *(SORT(.ctors.*))
 *crtend.o(.ctors)
                0x004026d0                . = ALIGN (0x4)
 *(.fini)
 .fini          0x004026d0        0x4 c:/program files (x86)/atmel/studio/7.0/toolchain/arm/arm-gnu-toolchain/bin/../lib/gcc/arm-none-eabi/6.3.1/thumb/v7e-m/crti.o
                0x004026d0                _fini
 .fini          0x004026d4        0x8 c:/program files (x86)/atmel/studio/7.0/toolchain/arm/arm-gnu-toolchain/bin/../lib/gcc/arm-none-eabi/6.3.1/thumb/v7e-m/crtn.o
                0x004026dc                . = ALIGN (0x4)
                0x004026dc                __fini_array_start = .
 *(.fini_array)
 .fini_array    0x004026dc        0x4 c:/program files (x86)/atmel/studio/7.0/toolchain/arm/arm-gnu-toolchain/bin/../lib/gcc/arm-none-eabi/6.3.1/thumb/v7e-m/crtbegin.o
 *(SORT(.fini_array.*))
                0x004026e0                __fini_array_end = .
 *crtbegin.o(.dtors)
 *(EXCLUDE_FILE(*crtend.o) .dtors)
 *(SORT(.dtors.*))
 *crtend.o(.dtors)
                0x004026e0                . = ALIGN (0x4)
                0x004026e0                _efixed = .
                [!provide]                PROVIDE (__exidx_start, .)

.vfp11_veneer   0x004026e0        0x0
 .vfp11_veneer  0x004026e0        0x0 linker stubs

.v4_bx          0x004026e0        0x0
 .v4_bx         0x004026e0        0x0 linker stubs

.iplt           0x004026e0        0x0
 .iplt          0x004026e0        0x0 c:/program files (x86)/atmel/studio/7.0/toolchain/arm/arm-gnu-toolchain/bin/../lib/gcc/arm-none-eabi/6.3.1/thumb/v7e-m/crtbegin.o

.ARM.exidx      0x004026e0        0x8
 *(.ARM.exidx* .gnu.linkonce.armexidx.*)
 .ARM.exidx     0x004026e0        0x8 c:/program files (x86)/atmel/studio/7.0/toolchain/arm/arm-gnu-toolchain/bin/../lib/gcc/arm-none-eabi/6.3.1/thumb/v7e-m\libgcc.a(_udivmoddi4.o)
                [!provide]                PROVIDE (__exidx_end, .)

.eh_frame       0x004026e8        0x0
 .eh_frame      0x004026e8        0x0 c:/program files (x86)/atmel/studio/7.0/toolchain/arm/arm-gnu-toolchain/bin/../lib/gcc/arm-none-eabi/6.3.1/thumb/v7e-m/crtbegin.o

.rel.dyn        0x004026e8        0x0
 .rel.iplt      0x004026e8        0x0 c:/program files (x86)/atmel/studio/7.0/toolchain/arm/arm-gnu-toolchain/bin/../lib/gcc/arm-none-eabi/6.3.1/thumb/v7e-m/crtbegin.o

.jcr            0x004026e8        0x0
 .jcr           0x004026e8        0x0 c:/program files (x86)/atmel/studio/7.0/toolchain/arm/arm-gnu-toolchain/bin/../lib/gcc/arm-none-eabi/6.3.1/thumb/v7e-m/crtbegin.o

.igot.plt       0x004026e8        0x0
 .igot.plt      0x004026e8        0x0 c:/program files (x86)/atmel/studio/7.0/toolchain/arm/arm-gnu-toolchain/bin/../lib/gcc/arm-none-eabi/6.3.1/thumb/v7e-m/crtbegin.o
                0x004026e8                . = ALIGN (0x4)
                0x004026e8                _etext = .

.relocate       0x20400000      0x44c load address 0x004026e8
                0x20400000                . = ALIGN (0x4)
                0x20400000                _srelocate = .
 *(.ramfunc .ramfunc.*)
 .ramfunc       0x20400000        0xa src/ASF/common/services/delay/sam/cycle_counter.o
                0x20400000                portable_delay_cycles
 *(.data .data.*)
 *fill*         0x2040000a        0x2 
 .data.sysfont  0x2040000c        0xc src/sysfont.o
                0x2040000c                sysfont
 .data.g_interrupt_enabled
                0x20400018        0x1 src/ASF/common/utils/interrupt/interrupt_sam_nvic.o
                0x20400018                g_interrupt_enabled
 *fill*         0x20400019        0x3 
 .data.SystemCoreClock
                0x2040001c        0x4 src/ASF/sam/utils/cmsis/same70/source/templates/system_same70.o
                0x2040001c                SystemCoreClock
 .data.impure_data
                0x20400020      0x428 c:/program files (x86)/atmel/studio/7.0/toolchain/arm/arm-gnu-toolchain/bin/../lib/gcc/arm-none-eabi/6.3.1/../../../../arm-none-eabi/lib/thumb/v7e-m\libc.a(lib_a-impure.o)
 .data.__atexit_recursive_mutex
                0x20400448        0x4 c:/program files (x86)/atmel/studio/7.0/toolchain/arm/arm-gnu-toolchain/bin/../lib/gcc/arm-none-eabi/6.3.1/../../../../arm-none-eabi/lib/thumb/v7e-m\libc.a(lib_a-__call_atexit.o)
                0x20400448                __atexit_recursive_mutex
                0x2040044c                . = ALIGN (0x4)
                0x2040044c                _erelocate = .

.bss            0x2040044c      0x2c8 load address 0x00402b34
                0x2040044c                . = ALIGN (0x4)
                0x2040044c                _sbss = .
                0x2040044c                _szero = .
 *(.bss .bss.*)
 .bss           0x2040044c       0x1c c:/program files (x86)/atmel/studio/7.0/toolchain/arm/arm-gnu-toolchain/bin/../lib/gcc/arm-none-eabi/6.3.1/thumb/v7e-m/crtbegin.o
 .bss.fbpointer
                0x20400468        0x4 src/gfx_mono_framebuffer.o
 .bss.framebuffer
                0x2040046c      0x200 src/gfx_mono_ug_2832hsweg04.o
 .bss.gs_interrupt_sources
                0x2040066c       0x70 src/ASF/sam/drivers/pio/pio_handler.o
 .bss.gs_ul_nb_sources
                0x204006dc        0x4 src/ASF/sam/drivers/pio/pio_handler.o
 .bss.b_is_sleep_clock_used
                0x204006e0        0x1 src/ASF/sam/drivers/pmc/sleep.o
 *fill*         0x204006e1        0x3 
 .bss.callback_clocks_restored
                0x204006e4        0x4 src/ASF/sam/drivers/pmc/sleep.o
 *(COMMON)
 COMMON         0x204006e8        0x6 src/main.o
                0x204006e8                freq
                0x204006ec                but_flag
                0x204006ed                but_stop
 *fill*         0x204006ee        0x2 
 COMMON         0x204006f0       0x21 c:/program files (x86)/atmel/studio/7.0/toolchain/arm/arm-gnu-toolchain/bin/../lib/gcc/arm-none-eabi/6.3.1/../../../../arm-none-eabi/lib/thumb/v7e-m\libc.a(lib_a-lock.o)
                0x204006f0                __lock___atexit_recursive_mutex
                0x204006f4                __lock___arc4random_mutex
                0x204006f8                __lock___env_recursive_mutex
                0x204006fc                __lock___sinit_recursive_mutex
                0x20400700                __lock___malloc_recursive_mutex
                0x20400704                __lock___at_quick_exit_mutex
                0x20400708                __lock___dd_hash_mutex
                0x2040070c                __lock___tz_mutex
                0x20400710                __lock___sfp_recursive_mutex
                0x20400714                . = ALIGN (0x4)
 *fill*         0x20400711        0x3 
                0x20400714                _ebss = .
                0x20400714                _ezero = .

.stack          0x20400714     0x2004 load address 0x00402dfc
                0x20400718                . = ALIGN (0x8)
 *fill*         0x20400714        0x4 
                0x20400718                _sstack = .
                0x20402718                . = (. + STACK_SIZE)
 *fill*         0x20400718     0x2000 
                0x20402718                . = ALIGN (0x8)
                0x20402718                _estack = .

.heap           0x20402718      0x200 load address 0x00404e00
                0x20402718                . = ALIGN (0x8)
                0x20402718                _sheap = .
                0x20402918                . = (. + HEAP_SIZE)
 *fill*         0x20402718      0x200 
                0x20402918                . = ALIGN (0x8)
                0x20402918                _eheap = .
                0x20402918                . = ALIGN (0x4)
                0x20402918                _end = .
                0x2045ffff                _ram_end_ = ((ORIGIN (ram) + LENGTH (ram)) - 0x1)
OUTPUT(spi_teste.elf elf32-littlearm)

.ARM.attributes
                0x00000000       0x2e
 .ARM.attributes
                0x00000000       0x1e c:/program files (x86)/atmel/studio/7.0/toolchain/arm/arm-gnu-toolchain/bin/../lib/gcc/arm-none-eabi/6.3.1/thumb/v7e-m/crti.o
 .ARM.attributes
                0x0000001e       0x2e c:/program files (x86)/atmel/studio/7.0/toolchain/arm/arm-gnu-toolchain/bin/../lib/gcc/arm-none-eabi/6.3.1/thumb/v7e-m/crtbegin.o
 .ARM.attributes
                0x0000004c       0x37 src/ASF/sam/drivers/spi/spi.o
 .ARM.attributes
                0x00000083       0x37 src/gfx_mono_framebuffer.o
 .ARM.attributes
                0x000000ba       0x37 src/gfx_mono_generic.o
 .ARM.attributes
                0x000000f1       0x37 src/gfx_mono_text.o
 .ARM.attributes
                0x00000128       0x37 src/gfx_mono_ug_2832hsweg04.o
 .ARM.attributes
                0x0000015f       0x37 src/ssd1306.o
 .ARM.attributes
                0x00000196       0x37 src/sysfont.o
 .ARM.attributes
                0x000001cd       0x37 src/ASF/common/services/delay/sam/cycle_counter.o
 .ARM.attributes
                0x00000204       0x37 src/ASF/common/services/clock/same70/sysclk.o
 .ARM.attributes
                0x0000023b       0x37 src/ASF/common/utils/interrupt/interrupt_sam_nvic.o
 .ARM.attributes
                0x00000272       0x37 src/ASF/sam/boards/same70_xplained/init.o
 .ARM.attributes
                0x000002a9       0x37 src/ASF/sam/drivers/pio/pio.o
 .ARM.attributes
                0x000002e0       0x37 src/ASF/sam/drivers/pio/pio_handler.o
 .ARM.attributes
                0x00000317       0x37 src/ASF/sam/drivers/pmc/pmc.o
 .ARM.attributes
                0x0000034e       0x37 src/ASF/sam/drivers/pmc/sleep.o
 .ARM.attributes
                0x00000385       0x37 src/ASF/sam/utils/cmsis/same70/source/templates/gcc/startup_same70.o
 .ARM.attributes
                0x000003bc       0x37 src/ASF/sam/utils/cmsis/same70/source/templates/system_same70.o
 .ARM.attributes
                0x000003f3       0x37 src/main.o
 .ARM.attributes
                0x0000042a       0x1e c:/program files (x86)/atmel/studio/7.0/toolchain/arm/arm-gnu-toolchain/bin/../lib/gcc/arm-none-eabi/6.3.1/thumb/v7e-m\libgcc.a(_aeabi_uldivmod.o)
 .ARM.attributes
                0x00000448       0x2e c:/program files (x86)/atmel/studio/7.0/toolchain/arm/arm-gnu-toolchain/bin/../lib/gcc/arm-none-eabi/6.3.1/thumb/v7e-m\libgcc.a(_udivmoddi4.o)
 .ARM.attributes
                0x00000476       0x1e c:/program files (x86)/atmel/studio/7.0/toolchain/arm/arm-gnu-toolchain/bin/../lib/gcc/arm-none-eabi/6.3.1/thumb/v7e-m\libgcc.a(_dvmd_tls.o)
 .ARM.attributes
                0x00000494       0x2e c:/program files (x86)/atmel/studio/7.0/toolchain/arm/arm-gnu-toolchain/bin/../lib/gcc/arm-none-eabi/6.3.1/../../../../arm-none-eabi/lib/thumb/v7e-m\libc.a(lib_a-impure.o)
 .ARM.attributes
                0x000004c2       0x2e c:/program files (x86)/atmel/studio/7.0/toolchain/arm/arm-gnu-toolchain/bin/../lib/gcc/arm-none-eabi/6.3.1/../../../../arm-none-eabi/lib/thumb/v7e-m\libc.a(lib_a-init.o)
 .ARM.attributes
                0x000004f0       0x2e c:/program files (x86)/atmel/studio/7.0/toolchain/arm/arm-gnu-toolchain/bin/../lib/gcc/arm-none-eabi/6.3.1/../../../../arm-none-eabi/lib/thumb/v7e-m\libc.a(lib_a-itoa.o)
 .ARM.attributes
                0x0000051e       0x2e c:/program files (x86)/atmel/studio/7.0/toolchain/arm/arm-gnu-toolchain/bin/../lib/gcc/arm-none-eabi/6.3.1/../../../../arm-none-eabi/lib/thumb/v7e-m\libc.a(lib_a-utoa.o)
 .ARM.attributes
                0x0000054c       0x2e c:/program files (x86)/atmel/studio/7.0/toolchain/arm/arm-gnu-toolchain/bin/../lib/gcc/arm-none-eabi/6.3.1/../../../../arm-none-eabi/lib/thumb/v7e-m\libc.a(lib_a-__call_atexit.o)
 .ARM.attributes
                0x0000057a       0x2e c:/program files (x86)/atmel/studio/7.0/toolchain/arm/arm-gnu-toolchain/bin/../lib/gcc/arm-none-eabi/6.3.1/../../../../arm-none-eabi/lib/thumb/v7e-m\libc.a(lib_a-atexit.o)
 .ARM.attributes
                0x000005a8       0x2e c:/program files (x86)/atmel/studio/7.0/toolchain/arm/arm-gnu-toolchain/bin/../lib/gcc/arm-none-eabi/6.3.1/../../../../arm-none-eabi/lib/thumb/v7e-m\libc.a(lib_a-fini.o)
 .ARM.attributes
                0x000005d6       0x2e c:/program files (x86)/atmel/studio/7.0/toolchain/arm/arm-gnu-toolchain/bin/../lib/gcc/arm-none-eabi/6.3.1/../../../../arm-none-eabi/lib/thumb/v7e-m\libc.a(lib_a-lock.o)
 .ARM.attributes
                0x00000604       0x2e c:/program files (x86)/atmel/studio/7.0/toolchain/arm/arm-gnu-toolchain/bin/../lib/gcc/arm-none-eabi/6.3.1/../../../../arm-none-eabi/lib/thumb/v7e-m\libc.a(lib_a-__atexit.o)
 .ARM.attributes
                0x00000632       0x1e c:/program files (x86)/atmel/studio/7.0/toolchain/arm/arm-gnu-toolchain/bin/../lib/gcc/arm-none-eabi/6.3.1/thumb/v7e-m/crtn.o

.comment        0x00000000       0x59
 .comment       0x00000000       0x59 src/ASF/sam/drivers/spi/spi.o
                                 0x5a (size before relaxing)
 .comment       0x00000059       0x5a src/gfx_mono_framebuffer.o
 .comment       0x00000059       0x5a src/gfx_mono_generic.o
 .comment       0x00000059       0x5a src/gfx_mono_text.o
 .comment       0x00000059       0x5a src/gfx_mono_ug_2832hsweg04.o
 .comment       0x00000059       0x5a src/ssd1306.o
 .comment       0x00000059       0x5a src/sysfont.o
 .comment       0x00000059       0x5a src/ASF/common/services/delay/sam/cycle_counter.o
 .comment       0x00000059       0x5a src/ASF/common/services/clock/same70/sysclk.o
 .comment       0x00000059       0x5a src/ASF/common/utils/interrupt/interrupt_sam_nvic.o
 .comment       0x00000059       0x5a src/ASF/sam/boards/same70_xplained/init.o
 .comment       0x00000059       0x5a src/ASF/sam/drivers/pio/pio.o
 .comment       0x00000059       0x5a src/ASF/sam/drivers/pio/pio_handler.o
 .comment       0x00000059       0x5a src/ASF/sam/drivers/pmc/pmc.o
 .comment       0x00000059       0x5a src/ASF/sam/drivers/pmc/sleep.o
 .comment       0x00000059       0x5a src/ASF/sam/utils/cmsis/same70/source/templates/gcc/startup_same70.o
 .comment       0x00000059       0x5a src/ASF/sam/utils/cmsis/same70/source/templates/system_same70.o
 .comment       0x00000059       0x5a src/main.o

.debug_info     0x00000000    0x16f0c
 .debug_info    0x00000000     0x115d src/ASF/sam/drivers/spi/spi.o
 .debug_info    0x0000115d      0xdea src/gfx_mono_framebuffer.o
 .debug_info    0x00001f47     0x1595 src/gfx_mono_generic.o
 .debug_info    0x000034dc      0xf82 src/gfx_mono_text.o
 .debug_info    0x0000445e     0x11b8 src/gfx_mono_ug_2832hsweg04.o
 .debug_info    0x00005616     0x1fc6 src/ssd1306.o
 .debug_info    0x000075dc      0xb06 src/sysfont.o
 .debug_info    0x000080e2      0xa45 src/ASF/common/services/delay/sam/cycle_counter.o
 .debug_info    0x00008b27     0x1267 src/ASF/common/services/clock/same70/sysclk.o
 .debug_info    0x00009d8e      0xb01 src/ASF/common/utils/interrupt/interrupt_sam_nvic.o
 .debug_info    0x0000a88f     0x1bd7 src/ASF/sam/boards/same70_xplained/init.o
 .debug_info    0x0000c466     0x2150 src/ASF/sam/drivers/pio/pio.o
 .debug_info    0x0000e5b6     0x1b22 src/ASF/sam/drivers/pio/pio_handler.o
 .debug_info    0x000100d8     0x1e0e src/ASF/sam/drivers/pmc/pmc.o
 .debug_info    0x00011ee6     0x165a src/ASF/sam/drivers/pmc/sleep.o
 .debug_info    0x00013540     0x156a src/ASF/sam/utils/cmsis/same70/source/templates/gcc/startup_same70.o
 .debug_info    0x00014aaa      0x55b src/ASF/sam/utils/cmsis/same70/source/templates/system_same70.o
 .debug_info    0x00015005     0x1f07 src/main.o

.debug_abbrev   0x00000000     0x3384
 .debug_abbrev  0x00000000      0x3a5 src/ASF/sam/drivers/spi/spi.o
 .debug_abbrev  0x000003a5      0x289 src/gfx_mono_framebuffer.o
 .debug_abbrev  0x0000062e      0x2a7 src/gfx_mono_generic.o
 .debug_abbrev  0x000008d5      0x30f src/gfx_mono_text.o
 .debug_abbrev  0x00000be4      0x350 src/gfx_mono_ug_2832hsweg04.o
 .debug_abbrev  0x00000f34      0x363 src/ssd1306.o
 .debug_abbrev  0x00001297      0x1b6 src/sysfont.o
 .debug_abbrev  0x0000144d      0x1b3 src/ASF/common/services/delay/sam/cycle_counter.o
 .debug_abbrev  0x00001600      0x31f src/ASF/common/services/clock/same70/sysclk.o
 .debug_abbrev  0x0000191f      0x212 src/ASF/common/utils/interrupt/interrupt_sam_nvic.o
 .debug_abbrev  0x00001b31      0x368 src/ASF/sam/boards/same70_xplained/init.o
 .debug_abbrev  0x00001e99      0x410 src/ASF/sam/drivers/pio/pio.o
 .debug_abbrev  0x000022a9      0x32f src/ASF/sam/drivers/pio/pio_handler.o
 .debug_abbrev  0x000025d8      0x369 src/ASF/sam/drivers/pmc/pmc.o
 .debug_abbrev  0x00002941      0x32b src/ASF/sam/drivers/pmc/sleep.o
 .debug_abbrev  0x00002c6c      0x2e4 src/ASF/sam/utils/cmsis/same70/source/templates/gcc/startup_same70.o
 .debug_abbrev  0x00002f50      0x102 src/ASF/sam/utils/cmsis/same70/source/templates/system_same70.o
 .debug_abbrev  0x00003052      0x332 src/main.o

.debug_loc      0x00000000     0x5401
 .debug_loc     0x00000000      0x610 src/ASF/sam/drivers/spi/spi.o
 .debug_loc     0x00000610      0x506 src/gfx_mono_framebuffer.o
 .debug_loc     0x00000b16      0xda8 src/gfx_mono_generic.o
 .debug_loc     0x000018be      0x66a src/gfx_mono_text.o
 .debug_loc     0x00001f28      0x6ee src/gfx_mono_ug_2832hsweg04.o
 .debug_loc     0x00002616      0x365 src/ssd1306.o
 .debug_loc     0x0000297b      0x183 src/ASF/common/services/clock/same70/sysclk.o
 .debug_loc     0x00002afe      0x1e7 src/ASF/sam/boards/same70_xplained/init.o
 .debug_loc     0x00002ce5      0xea4 src/ASF/sam/drivers/pio/pio.o
 .debug_loc     0x00003b89      0x588 src/ASF/sam/drivers/pio/pio_handler.o
 .debug_loc     0x00004111      0xce3 src/ASF/sam/drivers/pmc/pmc.o
 .debug_loc     0x00004df4      0x389 src/ASF/sam/drivers/pmc/sleep.o
 .debug_loc     0x0000517d       0x77 src/ASF/sam/utils/cmsis/same70/source/templates/gcc/startup_same70.o
 .debug_loc     0x000051f4      0x20d src/main.o

.debug_aranges  0x00000000      0x800
 .debug_aranges
                0x00000000       0x90 src/ASF/sam/drivers/spi/spi.o
 .debug_aranges
                0x00000090       0x58 src/gfx_mono_framebuffer.o
 .debug_aranges
                0x000000e8       0x58 src/gfx_mono_generic.o
 .debug_aranges
                0x00000140       0x40 src/gfx_mono_text.o
 .debug_aranges
                0x00000180       0x60 src/gfx_mono_ug_2832hsweg04.o
 .debug_aranges
                0x000001e0       0x30 src/ssd1306.o
 .debug_aranges
                0x00000210       0x18 src/sysfont.o
 .debug_aranges
                0x00000228       0x20 src/ASF/common/services/delay/sam/cycle_counter.o
 .debug_aranges
                0x00000248       0x40 src/ASF/common/services/clock/same70/sysclk.o
 .debug_aranges
                0x00000288       0x28 src/ASF/common/utils/interrupt/interrupt_sam_nvic.o
 .debug_aranges
                0x000002b0       0x20 src/ASF/sam/boards/same70_xplained/init.o
 .debug_aranges
                0x000002d0      0x1a8 src/ASF/sam/drivers/pio/pio.o
 .debug_aranges
                0x00000478       0x60 src/ASF/sam/drivers/pio/pio_handler.o
 .debug_aranges
                0x000004d8      0x250 src/ASF/sam/drivers/pmc/pmc.o
 .debug_aranges
                0x00000728       0x30 src/ASF/sam/drivers/pmc/sleep.o
 .debug_aranges
                0x00000758       0x28 src/ASF/sam/utils/cmsis/same70/source/templates/gcc/startup_same70.o
 .debug_aranges
                0x00000780       0x30 src/ASF/sam/utils/cmsis/same70/source/templates/system_same70.o
 .debug_aranges
                0x000007b0       0x50 src/main.o

.debug_ranges   0x00000000      0x870
 .debug_ranges  0x00000000       0x80 src/ASF/sam/drivers/spi/spi.o
 .debug_ranges  0x00000080       0x48 src/gfx_mono_framebuffer.o
 .debug_ranges  0x000000c8       0x48 src/gfx_mono_generic.o
 .debug_ranges  0x00000110       0x48 src/gfx_mono_text.o
 .debug_ranges  0x00000158       0x80 src/gfx_mono_ug_2832hsweg04.o
 .debug_ranges  0x000001d8       0x20 src/ssd1306.o
 .debug_ranges  0x000001f8       0x10 src/ASF/common/services/delay/sam/cycle_counter.o
 .debug_ranges  0x00000208       0x30 src/ASF/common/services/clock/same70/sysclk.o
 .debug_ranges  0x00000238       0x18 src/ASF/common/utils/interrupt/interrupt_sam_nvic.o
 .debug_ranges  0x00000250       0x10 src/ASF/sam/boards/same70_xplained/init.o
 .debug_ranges  0x00000260      0x2a0 src/ASF/sam/drivers/pio/pio.o
 .debug_ranges  0x00000500       0x68 src/ASF/sam/drivers/pio/pio_handler.o
 .debug_ranges  0x00000568      0x240 src/ASF/sam/drivers/pmc/pmc.o
 .debug_ranges  0x000007a8       0x50 src/ASF/sam/drivers/pmc/sleep.o
 .debug_ranges  0x000007f8       0x18 src/ASF/sam/utils/cmsis/same70/source/templates/gcc/startup_same70.o
 .debug_ranges  0x00000810       0x20 src/ASF/sam/utils/cmsis/same70/source/templates/system_same70.o
 .debug_ranges  0x00000830       0x40 src/main.o

.debug_macro    0x00000000     0x988a
 .debug_macro   0x00000000      0x6d9 src/ASF/sam/drivers/spi/spi.o
 .debug_macro   0x000006d9       0x10 src/ASF/sam/drivers/spi/spi.o
 .debug_macro   0x000006e9       0x3a src/ASF/sam/drivers/spi/spi.o
 .debug_macro   0x00000723      0x2c6 src/ASF/sam/drivers/spi/spi.o
 .debug_macro   0x000009e9      0xa96 src/ASF/sam/drivers/spi/spi.o
 .debug_macro   0x0000147f       0x70 src/ASF/sam/drivers/spi/spi.o
 .debug_macro   0x000014ef       0x64 src/ASF/sam/drivers/spi/spi.o
 .debug_macro   0x00001553       0x5f src/ASF/sam/drivers/spi/spi.o
 .debug_macro   0x000015b2       0xac src/ASF/sam/drivers/spi/spi.o
 .debug_macro   0x0000165e      0x7e9 src/gfx_mono_framebuffer.o
 .debug_macro   0x00001e47       0x50 src/gfx_mono_framebuffer.o
 .debug_macro   0x00001e97       0x22 src/gfx_mono_framebuffer.o
 .debug_macro   0x00001eb9       0x7b src/gfx_mono_framebuffer.o
 .debug_macro   0x00001f34       0x28 src/gfx_mono_framebuffer.o
 .debug_macro   0x00001f5c       0x23 src/gfx_mono_framebuffer.o
 .debug_macro   0x00001f7f       0x94 src/gfx_mono_framebuffer.o
 .debug_macro   0x00002013       0x40 src/gfx_mono_framebuffer.o
 .debug_macro   0x00002053       0x88 src/gfx_mono_framebuffer.o
 .debug_macro   0x000020db      0x1ce src/gfx_mono_framebuffer.o
 .debug_macro   0x000022a9       0x16 src/gfx_mono_framebuffer.o
 .debug_macro   0x000022bf       0x1c src/gfx_mono_framebuffer.o
 .debug_macro   0x000022db       0x16 src/gfx_mono_framebuffer.o
 .debug_macro   0x000022f1       0x28 src/gfx_mono_framebuffer.o
 .debug_macro   0x00002319       0xd1 src/gfx_mono_framebuffer.o
 .debug_macro   0x000023ea       0x8b src/gfx_mono_framebuffer.o
 .debug_macro   0x00002475      0x7e9 src/gfx_mono_generic.o
 .debug_macro   0x00002c5e      0x802 src/gfx_mono_text.o
 .debug_macro   0x00003460       0x52 src/gfx_mono_text.o
 .debug_macro   0x000034b2       0x8d src/gfx_mono_text.o
 .debug_macro   0x0000353f       0x16 src/gfx_mono_text.o
 .debug_macro   0x00003555       0x57 src/gfx_mono_text.o
 .debug_macro   0x000035ac       0x1c src/gfx_mono_text.o
 .debug_macro   0x000035c8      0x7ee src/gfx_mono_ug_2832hsweg04.o
 .debug_macro   0x00003db6       0x28 src/gfx_mono_ug_2832hsweg04.o
 .debug_macro   0x00003dde      0x7c3 src/ssd1306.o
 .debug_macro   0x000045a1      0x69c src/sysfont.o
 .debug_macro   0x00004c3d       0x3a src/sysfont.o
 .debug_macro   0x00004c77      0x665 src/ASF/common/services/delay/sam/cycle_counter.o
 .debug_macro   0x000052dc       0x22 src/ASF/common/services/delay/sam/cycle_counter.o
 .debug_macro   0x000052fe      0x6d1 src/ASF/common/services/clock/same70/sysclk.o
 .debug_macro   0x000059cf      0x2c0 src/ASF/common/services/clock/same70/sysclk.o
 .debug_macro   0x00005c8f      0x655 src/ASF/common/utils/interrupt/interrupt_sam_nvic.o
 .debug_macro   0x000062e4      0x70b src/ASF/sam/boards/same70_xplained/init.o
 .debug_macro   0x000069ef       0x82 src/ASF/sam/boards/same70_xplained/init.o
 .debug_macro   0x00006a71      0x66b src/ASF/sam/drivers/pio/pio.o
 .debug_macro   0x000070dc       0x8e src/ASF/sam/drivers/pio/pio.o
 .debug_macro   0x0000716a      0x676 src/ASF/sam/drivers/pio/pio_handler.o
 .debug_macro   0x000077e0      0x66b src/ASF/sam/drivers/pmc/pmc.o
 .debug_macro   0x00007e4b       0x6a src/ASF/sam/drivers/pmc/pmc.o
 .debug_macro   0x00007eb5      0x684 src/ASF/sam/drivers/pmc/sleep.o
 .debug_macro   0x00008539      0x664 src/ASF/sam/utils/cmsis/same70/source/templates/gcc/startup_same70.o
 .debug_macro   0x00008b9d       0x10 src/ASF/sam/utils/cmsis/same70/source/templates/gcc/startup_same70.o
 .debug_macro   0x00008bad      0x455 src/ASF/sam/utils/cmsis/same70/source/templates/system_same70.o
 .debug_macro   0x00009002      0x888 src/main.o

.debug_line     0x00000000     0xe1f3
 .debug_line    0x00000000      0xc41 src/ASF/sam/drivers/spi/spi.o
 .debug_line    0x00000c41      0xe8c src/gfx_mono_framebuffer.o
 .debug_line    0x00001acd      0xf40 src/gfx_mono_generic.o
 .debug_line    0x00002a0d      0xe9a src/gfx_mono_text.o
 .debug_line    0x000038a7      0xf14 src/gfx_mono_ug_2832hsweg04.o
 .debug_line    0x000047bb      0xe69 src/ssd1306.o
 .debug_line    0x00005624      0xa16 src/sysfont.o
 .debug_line    0x0000603a      0x9ed src/ASF/common/services/delay/sam/cycle_counter.o
 .debug_line    0x00006a27      0xb4f src/ASF/common/services/clock/same70/sysclk.o
 .debug_line    0x00007576      0xa01 src/ASF/common/utils/interrupt/interrupt_sam_nvic.o
 .debug_line    0x00007f77      0xc04 src/ASF/sam/boards/same70_xplained/init.o
 .debug_line    0x00008b7b      0xee3 src/ASF/sam/drivers/pio/pio.o
 .debug_line    0x00009a5e      0xabf src/ASF/sam/drivers/pio/pio_handler.o
 .debug_line    0x0000a51d     0x106b src/ASF/sam/drivers/pmc/pmc.o
 .debug_line    0x0000b588      0xb4c src/ASF/sam/drivers/pmc/sleep.o
 .debug_line    0x0000c0d4      0xa73 src/ASF/sam/utils/cmsis/same70/source/templates/gcc/startup_same70.o
 .debug_line    0x0000cb47      0x7e9 src/ASF/sam/utils/cmsis/same70/source/templates/system_same70.o
 .debug_line    0x0000d330      0xec3 src/main.o

.debug_str      0x00000000    0x8f93b
 .debug_str     0x00000000    0x85e72 src/ASF/sam/drivers/spi/spi.o
                              0x8652f (size before relaxing)
 .debug_str     0x00085e72     0x2b0d src/gfx_mono_framebuffer.o
                              0x88c52 (size before relaxing)
 .debug_str     0x0008897f      0x257 src/gfx_mono_generic.o
                              0x88d96 (size before relaxing)
 .debug_str     0x00088bd6      0x261 src/gfx_mono_text.o
                              0x88d71 (size before relaxing)
 .debug_str     0x00088e37      0x117 src/gfx_mono_ug_2832hsweg04.o
                              0x88d32 (size before relaxing)
 .debug_str     0x00088f4e      0x60d src/ssd1306.o
                              0x8896a (size before relaxing)
 .debug_str     0x0008955b     0x3edc src/sysfont.o
                              0x8615c (size before relaxing)
 .debug_str     0x0008d437       0x35 src/ASF/common/services/delay/sam/cycle_counter.o
                              0x82095 (size before relaxing)
 .debug_str     0x0008d46c      0x3f1 src/ASF/common/services/clock/same70/sysclk.o
                              0x865b3 (size before relaxing)
 .debug_str     0x0008d85d       0x94 src/ASF/common/utils/interrupt/interrupt_sam_nvic.o
                              0x81f65 (size before relaxing)
 .debug_str     0x0008d8f1      0x4f4 src/ASF/sam/boards/same70_xplained/init.o
                              0x870a3 (size before relaxing)
 .debug_str     0x0008dde5      0x57b src/ASF/sam/drivers/pio/pio.o
                              0x82abb (size before relaxing)
 .debug_str     0x0008e360      0x437 src/ASF/sam/drivers/pio/pio_handler.o
                              0x82bdd (size before relaxing)
 .debug_str     0x0008e797      0x699 src/ASF/sam/drivers/pmc/pmc.o
                              0x82c1f (size before relaxing)
 .debug_str     0x0008ee30      0x165 src/ASF/sam/drivers/pmc/sleep.o
                              0x85ede (size before relaxing)
 .debug_str     0x0008ef95      0x64c src/ASF/sam/utils/cmsis/same70/source/templates/gcc/startup_same70.o
                              0x82732 (size before relaxing)
 .debug_str     0x0008f5e1      0x137 src/ASF/sam/utils/cmsis/same70/source/templates/system_same70.o
                              0x7283e (size before relaxing)
 .debug_str     0x0008f718      0x223 src/main.o
                              0x8d50b (size before relaxing)

.debug_frame    0x00000000     0x1464
 .debug_frame   0x00000000      0x140 src/ASF/sam/drivers/spi/spi.o
 .debug_frame   0x00000140       0xdc src/gfx_mono_framebuffer.o
 .debug_frame   0x0000021c      0x168 src/gfx_mono_generic.o
 .debug_frame   0x00000384       0xc8 src/gfx_mono_text.o
 .debug_frame   0x0000044c      0x124 src/gfx_mono_ug_2832hsweg04.o
 .debug_frame   0x00000570       0x6c src/ssd1306.o
 .debug_frame   0x000005dc       0x20 src/ASF/common/services/delay/sam/cycle_counter.o
 .debug_frame   0x000005fc       0x88 src/ASF/common/services/clock/same70/sysclk.o
 .debug_frame   0x00000684       0x30 src/ASF/common/utils/interrupt/interrupt_sam_nvic.o
 .debug_frame   0x000006b4       0x30 src/ASF/sam/boards/same70_xplained/init.o
 .debug_frame   0x000006e4      0x390 src/ASF/sam/drivers/pio/pio.o
 .debug_frame   0x00000a74      0x110 src/ASF/sam/drivers/pio/pio_handler.o
 .debug_frame   0x00000b84      0x494 src/ASF/sam/drivers/pmc/pmc.o
 .debug_frame   0x00001018       0x5c src/ASF/sam/drivers/pmc/sleep.o
 .debug_frame   0x00001074       0x38 src/ASF/sam/utils/cmsis/same70/source/templates/gcc/startup_same70.o
 .debug_frame   0x000010ac       0x40 src/ASF/sam/utils/cmsis/same70/source/templates/system_same70.o
 .debug_frame   0x000010ec       0xd0 src/main.o
 .debug_frame   0x000011bc       0x2c c:/program files (x86)/atmel/studio/7.0/toolchain/arm/arm-gnu-toolchain/bin/../lib/gcc/arm-none-eabi/6.3.1/thumb/v7e-m\libgcc.a(_aeabi_uldivmod.o)
 .debug_frame   0x000011e8       0x34 c:/program files (x86)/atmel/studio/7.0/toolchain/arm/arm-gnu-toolchain/bin/../lib/gcc/arm-none-eabi/6.3.1/thumb/v7e-m\libgcc.a(_udivmoddi4.o)
 .debug_frame   0x0000121c       0x2c c:/program files (x86)/atmel/studio/7.0/toolchain/arm/arm-gnu-toolchain/bin/../lib/gcc/arm-none-eabi/6.3.1/../../../../arm-none-eabi/lib/thumb/v7e-m\libc.a(lib_a-init.o)
 .debug_frame   0x00001248       0x3c c:/program files (x86)/atmel/studio/7.0/toolchain/arm/arm-gnu-toolchain/bin/../lib/gcc/arm-none-eabi/6.3.1/../../../../arm-none-eabi/lib/thumb/v7e-m\libc.a(lib_a-itoa.o)
 .debug_frame   0x00001284       0x4c c:/program files (x86)/atmel/studio/7.0/toolchain/arm/arm-gnu-toolchain/bin/../lib/gcc/arm-none-eabi/6.3.1/../../../../arm-none-eabi/lib/thumb/v7e-m\libc.a(lib_a-utoa.o)
 .debug_frame   0x000012d0       0x5c c:/program files (x86)/atmel/studio/7.0/toolchain/arm/arm-gnu-toolchain/bin/../lib/gcc/arm-none-eabi/6.3.1/../../../../arm-none-eabi/lib/thumb/v7e-m\libc.a(lib_a-__call_atexit.o)
 .debug_frame   0x0000132c       0x20 c:/program files (x86)/atmel/studio/7.0/toolchain/arm/arm-gnu-toolchain/bin/../lib/gcc/arm-none-eabi/6.3.1/../../../../arm-none-eabi/lib/thumb/v7e-m\libc.a(lib_a-atexit.o)
 .debug_frame   0x0000134c       0x34 c:/program files (x86)/atmel/studio/7.0/toolchain/arm/arm-gnu-toolchain/bin/../lib/gcc/arm-none-eabi/6.3.1/../../../../arm-none-eabi/lib/thumb/v7e-m\libc.a(lib_a-fini.o)
 .debug_frame   0x00001380       0xb0 c:/program files (x86)/atmel/studio/7.0/toolchain/arm/arm-gnu-toolchain/bin/../lib/gcc/arm-none-eabi/6.3.1/../../../../arm-none-eabi/lib/thumb/v7e-m\libc.a(lib_a-lock.o)
 .debug_frame   0x00001430       0x34 c:/program files (x86)/atmel/studio/7.0/toolchain/arm/arm-gnu-toolchain/bin/../lib/gcc/arm-none-eabi/6.3.1/../../../../arm-none-eabi/lib/thumb/v7e-m\libc.a(lib_a-__atexit.o)

Cross Reference Table

Symbol                                            File
ACC_Handler                                       src/ASF/sam/utils/cmsis/same70/source/templates/gcc/startup_same70.o
AES_Handler                                       src/ASF/sam/utils/cmsis/same70/source/templates/gcc/startup_same70.o
AFEC0_Handler                                     src/ASF/sam/utils/cmsis/same70/source/templates/gcc/startup_same70.o
AFEC1_Handler                                     src/ASF/sam/utils/cmsis/same70/source/templates/gcc/startup_same70.o
BusFault_Handler                                  src/ASF/sam/utils/cmsis/same70/source/templates/gcc/startup_same70.o
DACC_Handler                                      src/ASF/sam/utils/cmsis/same70/source/templates/gcc/startup_same70.o
DebugMon_Handler                                  src/ASF/sam/utils/cmsis/same70/source/templates/gcc/startup_same70.o
Dummy_Handler                                     src/ASF/sam/utils/cmsis/same70/source/templates/gcc/startup_same70.o
EFC_Handler                                       src/ASF/sam/utils/cmsis/same70/source/templates/gcc/startup_same70.o
GMAC_Handler                                      src/ASF/sam/utils/cmsis/same70/source/templates/gcc/startup_same70.o
HSMCI_Handler                                     src/ASF/sam/utils/cmsis/same70/source/templates/gcc/startup_same70.o
HardFault_Handler                                 src/ASF/sam/utils/cmsis/same70/source/templates/gcc/startup_same70.o
ICM_Handler                                       src/ASF/sam/utils/cmsis/same70/source/templates/gcc/startup_same70.o
ISI_Handler                                       src/ASF/sam/utils/cmsis/same70/source/templates/gcc/startup_same70.o
MCAN0_Handler                                     src/ASF/sam/utils/cmsis/same70/source/templates/gcc/startup_same70.o
MCAN1_Handler                                     src/ASF/sam/utils/cmsis/same70/source/templates/gcc/startup_same70.o
MemManage_Handler                                 src/ASF/sam/utils/cmsis/same70/source/templates/gcc/startup_same70.o
NMI_Handler                                       src/ASF/sam/utils/cmsis/same70/source/templates/gcc/startup_same70.o
PIOA_Handler                                      src/ASF/sam/drivers/pio/pio_handler.o
PIOB_Handler                                      src/ASF/sam/drivers/pio/pio_handler.o
PIOC_Handler                                      src/ASF/sam/drivers/pio/pio_handler.o
PIOD_Handler                                      src/ASF/sam/drivers/pio/pio_handler.o
PIOE_Handler                                      src/ASF/sam/drivers/pio/pio_handler.o
PMC_Handler                                       src/ASF/sam/utils/cmsis/same70/source/templates/gcc/startup_same70.o
PWM0_Handler                                      src/ASF/sam/utils/cmsis/same70/source/templates/gcc/startup_same70.o
PWM1_Handler                                      src/ASF/sam/utils/cmsis/same70/source/templates/gcc/startup_same70.o
PendSV_Handler                                    src/ASF/sam/utils/cmsis/same70/source/templates/gcc/startup_same70.o
QSPI_Handler                                      src/ASF/sam/utils/cmsis/same70/source/templates/gcc/startup_same70.o
RSTC_Handler                                      src/ASF/sam/utils/cmsis/same70/source/templates/gcc/startup_same70.o
RSWDT_Handler                                     src/ASF/sam/utils/cmsis/same70/source/templates/gcc/startup_same70.o
RTC_Handler                                       src/ASF/sam/utils/cmsis/same70/source/templates/gcc/startup_same70.o
RTT_Handler                                       src/ASF/sam/utils/cmsis/same70/source/templates/gcc/startup_same70.o
Reset_Handler                                     src/ASF/sam/utils/cmsis/same70/source/templates/gcc/startup_same70.o
SDRAMC_Handler                                    src/ASF/sam/utils/cmsis/same70/source/templates/gcc/startup_same70.o
SPI0_Handler                                      src/ASF/sam/utils/cmsis/same70/source/templates/gcc/startup_same70.o
SPI1_Handler                                      src/ASF/sam/utils/cmsis/same70/source/templates/gcc/startup_same70.o
SSC_Handler                                       src/ASF/sam/utils/cmsis/same70/source/templates/gcc/startup_same70.o
SUPC_Handler                                      src/ASF/sam/utils/cmsis/same70/source/templates/gcc/startup_same70.o
SVC_Handler                                       src/ASF/sam/utils/cmsis/same70/source/templates/gcc/startup_same70.o
SysTick_Handler                                   src/ASF/sam/utils/cmsis/same70/source/templates/gcc/startup_same70.o
SystemCoreClock                                   src/ASF/sam/utils/cmsis/same70/source/templates/system_same70.o
SystemCoreClockUpdate                             src/ASF/sam/utils/cmsis/same70/source/templates/system_same70.o
                                                  src/ASF/common/services/clock/same70/sysclk.o
SystemInit                                        src/ASF/sam/utils/cmsis/same70/source/templates/system_same70.o
TC0_Handler                                       src/ASF/sam/utils/cmsis/same70/source/templates/gcc/startup_same70.o
TC10_Handler                                      src/ASF/sam/utils/cmsis/same70/source/templates/gcc/startup_same70.o
TC11_Handler                                      src/ASF/sam/utils/cmsis/same70/source/templates/gcc/startup_same70.o
TC1_Handler                                       src/ASF/sam/utils/cmsis/same70/source/templates/gcc/startup_same70.o
TC2_Handler                                       src/ASF/sam/utils/cmsis/same70/source/templates/gcc/startup_same70.o
TC3_Handler                                       src/ASF/sam/utils/cmsis/same70/source/templates/gcc/startup_same70.o
TC4_Handler                                       src/ASF/sam/utils/cmsis/same70/source/templates/gcc/startup_same70.o
TC5_Handler                                       src/ASF/sam/utils/cmsis/same70/source/templates/gcc/startup_same70.o
TC6_Handler                                       src/ASF/sam/utils/cmsis/same70/source/templates/gcc/startup_same70.o
TC7_Handler                                       src/ASF/sam/utils/cmsis/same70/source/templates/gcc/startup_same70.o
TC8_Handler                                       src/ASF/sam/utils/cmsis/same70/source/templates/gcc/startup_same70.o
TC9_Handler                                       src/ASF/sam/utils/cmsis/same70/source/templates/gcc/startup_same70.o
TRNG_Handler                                      src/ASF/sam/utils/cmsis/same70/source/templates/gcc/startup_same70.o
TWIHS0_Handler                                    src/ASF/sam/utils/cmsis/same70/source/templates/gcc/startup_same70.o
TWIHS1_Handler                                    src/ASF/sam/utils/cmsis/same70/source/templates/gcc/startup_same70.o
TWIHS2_Handler                                    src/ASF/sam/utils/cmsis/same70/source/templates/gcc/startup_same70.o
UART0_Handler                                     src/ASF/sam/utils/cmsis/same70/source/templates/gcc/startup_same70.o
UART1_Handler                                     src/ASF/sam/utils/cmsis/same70/source/templates/gcc/startup_same70.o
UART2_Handler                                     src/ASF/sam/utils/cmsis/same70/source/templates/gcc/startup_same70.o
UART3_Handler                                     src/ASF/sam/utils/cmsis/same70/source/templates/gcc/startup_same70.o
UART4_Handler                                     src/ASF/sam/utils/cmsis/same70/source/templates/gcc/startup_same70.o
USART0_Handler                                    src/ASF/sam/utils/cmsis/same70/source/templates/gcc/startup_same70.o
USART1_Handler                                    src/ASF/sam/utils/cmsis/same70/source/templates/gcc/startup_same70.o
USART2_Handler                                    src/ASF/sam/utils/cmsis/same70/source/templates/gcc/startup_same70.o
USBHS_Handler                                     src/ASF/sam/utils/cmsis/same70/source/templates/gcc/startup_same70.o
UsageFault_Handler                                src/ASF/sam/utils/cmsis/same70/source/templates/gcc/startup_same70.o
WDT_Handler                                       src/ASF/sam/utils/cmsis/same70/source/templates/gcc/startup_same70.o
XDMAC_Handler                                     src/ASF/sam/utils/cmsis/same70/source/templates/gcc/startup_same70.o
_Jv_RegisterClasses                               c:/program files (x86)/atmel/studio/7.0/toolchain/arm/arm-gnu-toolchain/bin/../lib/gcc/arm-none-eabi/6.3.1/thumb/v7e-m/crtbegin.o
__aeabi_idiv0                                     c:/program files (x86)/atmel/studio/7.0/toolchain/arm/arm-gnu-toolchain/bin/../lib/gcc/arm-none-eabi/6.3.1/thumb/v7e-m\libgcc.a(_dvmd_tls.o)
__aeabi_ldiv0                                     c:/program files (x86)/atmel/studio/7.0/toolchain/arm/arm-gnu-toolchain/bin/../lib/gcc/arm-none-eabi/6.3.1/thumb/v7e-m\libgcc.a(_dvmd_tls.o)
                                                  c:/program files (x86)/atmel/studio/7.0/toolchain/arm/arm-gnu-toolchain/bin/../lib/gcc/arm-none-eabi/6.3.1/thumb/v7e-m\libgcc.a(_aeabi_uldivmod.o)
__aeabi_uldivmod                                  c:/program files (x86)/atmel/studio/7.0/toolchain/arm/arm-gnu-toolchain/bin/../lib/gcc/arm-none-eabi/6.3.1/thumb/v7e-m\libgcc.a(_aeabi_uldivmod.o)
                                                  src/main.o
__atexit_recursive_mutex                          c:/program files (x86)/atmel/studio/7.0/toolchain/arm/arm-gnu-toolchain/bin/../lib/gcc/arm-none-eabi/6.3.1/../../../../arm-none-eabi/lib/thumb/v7e-m\libc.a(lib_a-__call_atexit.o)
                                                  c:/program files (x86)/atmel/studio/7.0/toolchain/arm/arm-gnu-toolchain/bin/../lib/gcc/arm-none-eabi/6.3.1/../../../../arm-none-eabi/lib/thumb/v7e-m\libc.a(lib_a-__atexit.o)
__bss_end__                                       c:/program files (x86)/atmel/studio/7.0/toolchain/arm/arm-gnu-toolchain/bin/../lib/gcc/arm-none-eabi/6.3.1/../../../../arm-none-eabi/lib/thumb/v7e-m/crt0.o
__bss_start__                                     c:/program files (x86)/atmel/studio/7.0/toolchain/arm/arm-gnu-toolchain/bin/../lib/gcc/arm-none-eabi/6.3.1/../../../../arm-none-eabi/lib/thumb/v7e-m/crt0.o
__call_exitprocs                                  c:/program files (x86)/atmel/studio/7.0/toolchain/arm/arm-gnu-toolchain/bin/../lib/gcc/arm-none-eabi/6.3.1/../../../../arm-none-eabi/lib/thumb/v7e-m\libc.a(lib_a-__call_atexit.o)
                                                  c:/program files (x86)/atmel/studio/7.0/toolchain/arm/arm-gnu-toolchain/bin/../lib/gcc/arm-none-eabi/6.3.1/../../../../arm-none-eabi/lib/thumb/v7e-m\libc.a(lib_a-exit.o)
__deregister_frame_info                           c:/program files (x86)/atmel/studio/7.0/toolchain/arm/arm-gnu-toolchain/bin/../lib/gcc/arm-none-eabi/6.3.1/thumb/v7e-m/crtbegin.o
__dso_handle                                      c:/program files (x86)/atmel/studio/7.0/toolchain/arm/arm-gnu-toolchain/bin/../lib/gcc/arm-none-eabi/6.3.1/thumb/v7e-m/crtbegin.o
__fini_array_end                                  c:/program files (x86)/atmel/studio/7.0/toolchain/arm/arm-gnu-toolchain/bin/../lib/gcc/arm-none-eabi/6.3.1/../../../../arm-none-eabi/lib/thumb/v7e-m\libc.a(lib_a-fini.o)
__fini_array_start                                c:/program files (x86)/atmel/studio/7.0/toolchain/arm/arm-gnu-toolchain/bin/../lib/gcc/arm-none-eabi/6.3.1/../../../../arm-none-eabi/lib/thumb/v7e-m\libc.a(lib_a-fini.o)
__init_array_end                                  c:/program files (x86)/atmel/studio/7.0/toolchain/arm/arm-gnu-toolchain/bin/../lib/gcc/arm-none-eabi/6.3.1/../../../../arm-none-eabi/lib/thumb/v7e-m\libc.a(lib_a-init.o)
__init_array_start                                c:/program files (x86)/atmel/studio/7.0/toolchain/arm/arm-gnu-toolchain/bin/../lib/gcc/arm-none-eabi/6.3.1/../../../../arm-none-eabi/lib/thumb/v7e-m\libc.a(lib_a-init.o)
__itoa                                            c:/program files (x86)/atmel/studio/7.0/toolchain/arm/arm-gnu-toolchain/bin/../lib/gcc/arm-none-eabi/6.3.1/../../../../arm-none-eabi/lib/thumb/v7e-m\libc.a(lib_a-itoa.o)
__libc_fini                                       c:/program files (x86)/atmel/studio/7.0/toolchain/arm/arm-gnu-toolchain/bin/../lib/gcc/arm-none-eabi/6.3.1/../../../../arm-none-eabi/lib/thumb/v7e-m\libc.a(lib_a-__call_atexit.o)
__libc_fini_array                                 c:/program files (x86)/atmel/studio/7.0/toolchain/arm/arm-gnu-toolchain/bin/../lib/gcc/arm-none-eabi/6.3.1/../../../../arm-none-eabi/lib/thumb/v7e-m\libc.a(lib_a-fini.o)
                                                  c:/program files (x86)/atmel/studio/7.0/toolchain/arm/arm-gnu-toolchain/bin/../lib/gcc/arm-none-eabi/6.3.1/../../../../arm-none-eabi/lib/thumb/v7e-m\libc.a(lib_a-__call_atexit.o)
                                                  c:/program files (x86)/atmel/studio/7.0/toolchain/arm/arm-gnu-toolchain/bin/../lib/gcc/arm-none-eabi/6.3.1/../../../../arm-none-eabi/lib/thumb/v7e-m/crt0.o
__libc_init_array                                 c:/program files (x86)/atmel/studio/7.0/toolchain/arm/arm-gnu-toolchain/bin/../lib/gcc/arm-none-eabi/6.3.1/../../../../arm-none-eabi/lib/thumb/v7e-m\libc.a(lib_a-init.o)
                                                  src/ASF/sam/utils/cmsis/same70/source/templates/gcc/startup_same70.o
                                                  c:/program files (x86)/atmel/studio/7.0/toolchain/arm/arm-gnu-toolchain/bin/../lib/gcc/arm-none-eabi/6.3.1/../../../../arm-none-eabi/lib/thumb/v7e-m/crt0.o
__lock___arc4random_mutex                         c:/program files (x86)/atmel/studio/7.0/toolchain/arm/arm-gnu-toolchain/bin/../lib/gcc/arm-none-eabi/6.3.1/../../../../arm-none-eabi/lib/thumb/v7e-m\libc.a(lib_a-lock.o)
__lock___at_quick_exit_mutex                      c:/program files (x86)/atmel/studio/7.0/toolchain/arm/arm-gnu-toolchain/bin/../lib/gcc/arm-none-eabi/6.3.1/../../../../arm-none-eabi/lib/thumb/v7e-m\libc.a(lib_a-lock.o)
__lock___atexit_recursive_mutex                   c:/program files (x86)/atmel/studio/7.0/toolchain/arm/arm-gnu-toolchain/bin/../lib/gcc/arm-none-eabi/6.3.1/../../../../arm-none-eabi/lib/thumb/v7e-m\libc.a(lib_a-lock.o)
                                                  c:/program files (x86)/atmel/studio/7.0/toolchain/arm/arm-gnu-toolchain/bin/../lib/gcc/arm-none-eabi/6.3.1/../../../../arm-none-eabi/lib/thumb/v7e-m\libc.a(lib_a-__call_atexit.o)
__lock___dd_hash_mutex                            c:/program files (x86)/atmel/studio/7.0/toolchain/arm/arm-gnu-toolchain/bin/../lib/gcc/arm-none-eabi/6.3.1/../../../../arm-none-eabi/lib/thumb/v7e-m\libc.a(lib_a-lock.o)
__lock___env_recursive_mutex                      c:/program files (x86)/atmel/studio/7.0/toolchain/arm/arm-gnu-toolchain/bin/../lib/gcc/arm-none-eabi/6.3.1/../../../../arm-none-eabi/lib/thumb/v7e-m\libc.a(lib_a-lock.o)
__lock___malloc_recursive_mutex                   c:/program files (x86)/atmel/studio/7.0/toolchain/arm/arm-gnu-toolchain/bin/../lib/gcc/arm-none-eabi/6.3.1/../../../../arm-none-eabi/lib/thumb/v7e-m\libc.a(lib_a-lock.o)
__lock___sfp_recursive_mutex                      c:/program files (x86)/atmel/studio/7.0/toolchain/arm/arm-gnu-toolchain/bin/../lib/gcc/arm-none-eabi/6.3.1/../../../../arm-none-eabi/lib/thumb/v7e-m\libc.a(lib_a-lock.o)
__lock___sinit_recursive_mutex                    c:/program files (x86)/atmel/studio/7.0/toolchain/arm/arm-gnu-toolchain/bin/../lib/gcc/arm-none-eabi/6.3.1/../../../../arm-none-eabi/lib/thumb/v7e-m\libc.a(lib_a-lock.o)
__lock___tz_mutex                                 c:/program files (x86)/atmel/studio/7.0/toolchain/arm/arm-gnu-toolchain/bin/../lib/gcc/arm-none-eabi/6.3.1/../../../../arm-none-eabi/lib/thumb/v7e-m\libc.a(lib_a-lock.o)
__preinit_array_end                               c:/program files (x86)/atmel/studio/7.0/toolchain/arm/arm-gnu-toolchain/bin/../lib/gcc/arm-none-eabi/6.3.1/../../../../arm-none-eabi/lib/thumb/v7e-m\libc.a(lib_a-init.o)
__preinit_array_start                             c:/program files (x86)/atmel/studio/7.0/toolchain/arm/arm-gnu-toolchain/bin/../lib/gcc/arm-none-eabi/6.3.1/../../../../arm-none-eabi/lib/thumb/v7e-m\libc.a(lib_a-init.o)
__ram_end__                                       src/ASF/sam/utils/syscalls/gcc/syscalls.o
__register_exitproc                               c:/program files (x86)/atmel/studio/7.0/toolchain/arm/arm-gnu-toolchain/bin/../lib/gcc/arm-none-eabi/6.3.1/../../../../arm-none-eabi/lib/thumb/v7e-m\libc.a(lib_a-__atexit.o)
                                                  c:/program files (x86)/atmel/studio/7.0/toolchain/arm/arm-gnu-toolchain/bin/../lib/gcc/arm-none-eabi/6.3.1/../../../../arm-none-eabi/lib/thumb/v7e-m\libc.a(lib_a-atexit.o)
__register_frame_info                             c:/program files (x86)/atmel/studio/7.0/toolchain/arm/arm-gnu-toolchain/bin/../lib/gcc/arm-none-eabi/6.3.1/thumb/v7e-m/crtbegin.o
__retarget_lock_acquire                           c:/program files (x86)/atmel/studio/7.0/toolchain/arm/arm-gnu-toolchain/bin/../lib/gcc/arm-none-eabi/6.3.1/../../../../arm-none-eabi/lib/thumb/v7e-m\libc.a(lib_a-lock.o)
__retarget_lock_acquire_recursive                 c:/program files (x86)/atmel/studio/7.0/toolchain/arm/arm-gnu-toolchain/bin/../lib/gcc/arm-none-eabi/6.3.1/../../../../arm-none-eabi/lib/thumb/v7e-m\libc.a(lib_a-lock.o)
                                                  c:/program files (x86)/atmel/studio/7.0/toolchain/arm/arm-gnu-toolchain/bin/../lib/gcc/arm-none-eabi/6.3.1/../../../../arm-none-eabi/lib/thumb/v7e-m\libc.a(lib_a-__atexit.o)
                                                  c:/program files (x86)/atmel/studio/7.0/toolchain/arm/arm-gnu-toolchain/bin/../lib/gcc/arm-none-eabi/6.3.1/../../../../arm-none-eabi/lib/thumb/v7e-m\libc.a(lib_a-__call_atexit.o)
__retarget_lock_close                             c:/program files (x86)/atmel/studio/7.0/toolchain/arm/arm-gnu-toolchain/bin/../lib/gcc/arm-none-eabi/6.3.1/../../../../arm-none-eabi/lib/thumb/v7e-m\libc.a(lib_a-lock.o)
__retarget_lock_close_recursive                   c:/program files (x86)/atmel/studio/7.0/toolchain/arm/arm-gnu-toolchain/bin/../lib/gcc/arm-none-eabi/6.3.1/../../../../arm-none-eabi/lib/thumb/v7e-m\libc.a(lib_a-lock.o)
__retarget_lock_init                              c:/program files (x86)/atmel/studio/7.0/toolchain/arm/arm-gnu-toolchain/bin/../lib/gcc/arm-none-eabi/6.3.1/../../../../arm-none-eabi/lib/thumb/v7e-m\libc.a(lib_a-lock.o)
__retarget_lock_init_recursive                    c:/program files (x86)/atmel/studio/7.0/toolchain/arm/arm-gnu-toolchain/bin/../lib/gcc/arm-none-eabi/6.3.1/../../../../arm-none-eabi/lib/thumb/v7e-m\libc.a(lib_a-lock.o)
__retarget_lock_release                           c:/program files (x86)/atmel/studio/7.0/toolchain/arm/arm-gnu-toolchain/bin/../lib/gcc/arm-none-eabi/6.3.1/../../../../arm-none-eabi/lib/thumb/v7e-m\libc.a(lib_a-lock.o)
__retarget_lock_release_recursive                 c:/program files (x86)/atmel/studio/7.0/toolchain/arm/arm-gnu-toolchain/bin/../lib/gcc/arm-none-eabi/6.3.1/../../../../arm-none-eabi/lib/thumb/v7e-m\libc.a(lib_a-lock.o)
                                                  c:/program files (x86)/atmel/studio/7.0/toolchain/arm/arm-gnu-toolchain/bin/../lib/gcc/arm-none-eabi/6.3.1/../../../../arm-none-eabi/lib/thumb/v7e-m\libc.a(lib_a-__atexit.o)
                                                  c:/program files (x86)/atmel/studio/7.0/toolchain/arm/arm-gnu-toolchain/bin/../lib/gcc/arm-none-eabi/6.3.1/../../../../arm-none-eabi/lib/thumb/v7e-m\libc.a(lib_a-__call_atexit.o)
__retarget_lock_try_acquire                       c:/program files (x86)/atmel/studio/7.0/toolchain/arm/arm-gnu-toolchain/bin/../lib/gcc/arm-none-eabi/6.3.1/../../../../arm-none-eabi/lib/thumb/v7e-m\libc.a(lib_a-lock.o)
__retarget_lock_try_acquire_recursive             c:/program files (x86)/atmel/studio/7.0/toolchain/arm/arm-gnu-toolchain/bin/../lib/gcc/arm-none-eabi/6.3.1/../../../../arm-none-eabi/lib/thumb/v7e-m\libc.a(lib_a-lock.o)
__stack                                           c:/program files (x86)/atmel/studio/7.0/toolchain/arm/arm-gnu-toolchain/bin/../lib/gcc/arm-none-eabi/6.3.1/../../../../arm-none-eabi/lib/thumb/v7e-m/crt0.o
__udivmoddi4                                      c:/program files (x86)/atmel/studio/7.0/toolchain/arm/arm-gnu-toolchain/bin/../lib/gcc/arm-none-eabi/6.3.1/thumb/v7e-m\libgcc.a(_udivmoddi4.o)
                                                  c:/program files (x86)/atmel/studio/7.0/toolchain/arm/arm-gnu-toolchain/bin/../lib/gcc/arm-none-eabi/6.3.1/thumb/v7e-m\libgcc.a(_aeabi_uldivmod.o)
__utoa                                            c:/program files (x86)/atmel/studio/7.0/toolchain/arm/arm-gnu-toolchain/bin/../lib/gcc/arm-none-eabi/6.3.1/../../../../arm-none-eabi/lib/thumb/v7e-m\libc.a(lib_a-utoa.o)
                                                  c:/program files (x86)/atmel/studio/7.0/toolchain/arm/arm-gnu-toolchain/bin/../lib/gcc/arm-none-eabi/6.3.1/../../../../arm-none-eabi/lib/thumb/v7e-m\libc.a(lib_a-itoa.o)
_close                                            src/ASF/sam/utils/syscalls/gcc/syscalls.o
_end                                              src/ASF/sam/utils/syscalls/gcc/syscalls.o
_erelocate                                        src/ASF/sam/utils/cmsis/same70/source/templates/gcc/startup_same70.o
_estack                                           src/ASF/sam/utils/cmsis/same70/source/templates/gcc/startup_same70.o
_etext                                            src/ASF/sam/utils/cmsis/same70/source/templates/gcc/startup_same70.o
_exit                                             src/ASF/sam/utils/syscalls/gcc/syscalls.o
                                                  c:/program files (x86)/atmel/studio/7.0/toolchain/arm/arm-gnu-toolchain/bin/../lib/gcc/arm-none-eabi/6.3.1/../../../../arm-none-eabi/lib/thumb/v7e-m\libc.a(lib_a-exit.o)
_ezero                                            src/ASF/sam/utils/cmsis/same70/source/templates/gcc/startup_same70.o
_fini                                             c:/program files (x86)/atmel/studio/7.0/toolchain/arm/arm-gnu-toolchain/bin/../lib/gcc/arm-none-eabi/6.3.1/thumb/v7e-m/crti.o
                                                  c:/program files (x86)/atmel/studio/7.0/toolchain/arm/arm-gnu-toolchain/bin/../lib/gcc/arm-none-eabi/6.3.1/../../../../arm-none-eabi/lib/thumb/v7e-m\libc.a(lib_a-fini.o)
_fstat                                            src/ASF/sam/utils/syscalls/gcc/syscalls.o
_getpid                                           src/ASF/sam/utils/syscalls/gcc/syscalls.o
_global_impure_ptr                                c:/program files (x86)/atmel/studio/7.0/toolchain/arm/arm-gnu-toolchain/bin/../lib/gcc/arm-none-eabi/6.3.1/../../../../arm-none-eabi/lib/thumb/v7e-m\libc.a(lib_a-impure.o)
                                                  c:/program files (x86)/atmel/studio/7.0/toolchain/arm/arm-gnu-toolchain/bin/../lib/gcc/arm-none-eabi/6.3.1/../../../../arm-none-eabi/lib/thumb/v7e-m\libc.a(lib_a-__atexit.o)
                                                  c:/program files (x86)/atmel/studio/7.0/toolchain/arm/arm-gnu-toolchain/bin/../lib/gcc/arm-none-eabi/6.3.1/../../../../arm-none-eabi/lib/thumb/v7e-m\libc.a(lib_a-__call_atexit.o)
                                                  c:/program files (x86)/atmel/studio/7.0/toolchain/arm/arm-gnu-toolchain/bin/../lib/gcc/arm-none-eabi/6.3.1/../../../../arm-none-eabi/lib/thumb/v7e-m\libc.a(lib_a-exit.o)
_impure_ptr                                       c:/program files (x86)/atmel/studio/7.0/toolchain/arm/arm-gnu-toolchain/bin/../lib/gcc/arm-none-eabi/6.3.1/../../../../arm-none-eabi/lib/thumb/v7e-m\libc.a(lib_a-impure.o)
_init                                             c:/program files (x86)/atmel/studio/7.0/toolchain/arm/arm-gnu-toolchain/bin/../lib/gcc/arm-none-eabi/6.3.1/thumb/v7e-m/crti.o
                                                  c:/program files (x86)/atmel/studio/7.0/toolchain/arm/arm-gnu-toolchain/bin/../lib/gcc/arm-none-eabi/6.3.1/../../../../arm-none-eabi/lib/thumb/v7e-m\libc.a(lib_a-init.o)
_isatty                                           src/ASF/sam/utils/syscalls/gcc/syscalls.o
_kill                                             src/ASF/sam/utils/syscalls/gcc/syscalls.o
_lseek                                            src/ASF/sam/utils/syscalls/gcc/syscalls.o
_mainCRTStartup                                   c:/program files (x86)/atmel/studio/7.0/toolchain/arm/arm-gnu-toolchain/bin/../lib/gcc/arm-none-eabi/6.3.1/../../../../arm-none-eabi/lib/thumb/v7e-m/crt0.o
_sbrk                                             src/ASF/sam/utils/syscalls/gcc/syscalls.o
_sfixed                                           src/ASF/sam/utils/cmsis/same70/source/templates/gcc/startup_same70.o
_srelocate                                        src/ASF/sam/utils/cmsis/same70/source/templates/gcc/startup_same70.o
_start                                            c:/program files (x86)/atmel/studio/7.0/toolchain/arm/arm-gnu-toolchain/bin/../lib/gcc/arm-none-eabi/6.3.1/../../../../arm-none-eabi/lib/thumb/v7e-m/crt0.o
_szero                                            src/ASF/sam/utils/cmsis/same70/source/templates/gcc/startup_same70.o
atexit                                            c:/program files (x86)/atmel/studio/7.0/toolchain/arm/arm-gnu-toolchain/bin/../lib/gcc/arm-none-eabi/6.3.1/../../../../arm-none-eabi/lib/thumb/v7e-m\libc.a(lib_a-atexit.o)
                                                  c:/program files (x86)/atmel/studio/7.0/toolchain/arm/arm-gnu-toolchain/bin/../lib/gcc/arm-none-eabi/6.3.1/../../../../arm-none-eabi/lib/thumb/v7e-m\libc.a(lib_a-__call_atexit.o)
                                                  c:/program files (x86)/atmel/studio/7.0/toolchain/arm/arm-gnu-toolchain/bin/../lib/gcc/arm-none-eabi/6.3.1/../../../../arm-none-eabi/lib/thumb/v7e-m/crt0.o
board_init                                        src/ASF/sam/boards/same70_xplained/init.o
                                                  src/main.o
but_flag                                          src/main.o
but_flag_callback                                 src/main.o
but_m_freq_callback                               src/main.o
but_p_freq_callback                               src/main.o
but_stop                                          src/main.o
but_stop_callback                                 src/main.o
cpu_irq_enter_critical                            src/ASF/common/utils/interrupt/interrupt_sam_nvic.o
cpu_irq_leave_critical                            src/ASF/common/utils/interrupt/interrupt_sam_nvic.o
display_freq                                      src/main.o
exception_table                                   src/ASF/sam/utils/cmsis/same70/source/templates/gcc/startup_same70.o
exit                                              c:/program files (x86)/atmel/studio/7.0/toolchain/arm/arm-gnu-toolchain/bin/../lib/gcc/arm-none-eabi/6.3.1/../../../../arm-none-eabi/lib/thumb/v7e-m\libc.a(lib_a-exit.o)
                                                  c:/program files (x86)/atmel/studio/7.0/toolchain/arm/arm-gnu-toolchain/bin/../lib/gcc/arm-none-eabi/6.3.1/../../../../arm-none-eabi/lib/thumb/v7e-m/crt0.o
free                                              c:/program files (x86)/atmel/studio/7.0/toolchain/arm/arm-gnu-toolchain/bin/../lib/gcc/arm-none-eabi/6.3.1/../../../../arm-none-eabi/lib/thumb/v7e-m\libc.a(lib_a-__call_atexit.o)
freq                                              src/main.o
g_interrupt_enabled                               src/ASF/common/utils/interrupt/interrupt_sam_nvic.o
                                                  src/ASF/sam/utils/cmsis/same70/source/templates/gcc/startup_same70.o
                                                  src/ASF/sam/drivers/pmc/sleep.o
                                                  src/ASF/sam/drivers/mpu/mpu.o
gfx_mono_draw_char                                src/gfx_mono_text.o
gfx_mono_draw_progmem_string                      src/gfx_mono_text.o
gfx_mono_draw_string                              src/gfx_mono_text.o
                                                  src/main.o
gfx_mono_framebuffer_draw_pixel                   src/gfx_mono_framebuffer.o
gfx_mono_framebuffer_get_byte                     src/gfx_mono_framebuffer.o
                                                  src/gfx_mono_ug_2832hsweg04.o
gfx_mono_framebuffer_get_page                     src/gfx_mono_framebuffer.o
                                                  src/gfx_mono_ug_2832hsweg04.o
gfx_mono_framebuffer_get_pixel                    src/gfx_mono_framebuffer.o
gfx_mono_framebuffer_mask_byte                    src/gfx_mono_framebuffer.o
gfx_mono_framebuffer_put_byte                     src/gfx_mono_framebuffer.o
                                                  src/gfx_mono_ug_2832hsweg04.o
gfx_mono_framebuffer_put_page                     src/gfx_mono_framebuffer.o
                                                  src/gfx_mono_ug_2832hsweg04.o
gfx_mono_generic_draw_circle                      src/gfx_mono_generic.o
gfx_mono_generic_draw_filled_circle               src/gfx_mono_generic.o
gfx_mono_generic_draw_filled_rect                 src/gfx_mono_generic.o
                                                  src/gfx_mono_text.o
gfx_mono_generic_draw_horizontal_line             src/gfx_mono_generic.o
gfx_mono_generic_draw_line                        src/gfx_mono_generic.o
gfx_mono_generic_draw_rect                        src/gfx_mono_generic.o
gfx_mono_generic_draw_vertical_line               src/gfx_mono_generic.o
gfx_mono_generic_put_bitmap                       src/gfx_mono_generic.o
gfx_mono_get_progmem_string_bounding_box          src/gfx_mono_text.o
gfx_mono_get_string_bounding_box                  src/gfx_mono_text.o
gfx_mono_set_framebuffer                          src/gfx_mono_framebuffer.o
                                                  src/gfx_mono_ug_2832hsweg04.o
gfx_mono_ssd1306_draw_pixel                       src/gfx_mono_ug_2832hsweg04.o
                                                  src/gfx_mono_text.o
                                                  src/gfx_mono_generic.o
gfx_mono_ssd1306_get_byte                         src/gfx_mono_ug_2832hsweg04.o
                                                  src/gfx_mono_generic.o
                                                  src/gfx_mono_framebuffer.o
gfx_mono_ssd1306_get_page                         src/gfx_mono_ug_2832hsweg04.o
gfx_mono_ssd1306_get_pixel                        src/gfx_mono_ug_2832hsweg04.o
gfx_mono_ssd1306_init                             src/gfx_mono_ug_2832hsweg04.o
                                                  src/main.o
gfx_mono_ssd1306_mask_byte                        src/gfx_mono_ug_2832hsweg04.o
                                                  src/gfx_mono_generic.o
gfx_mono_ssd1306_put_byte                         src/gfx_mono_ug_2832hsweg04.o
                                                  src/gfx_mono_generic.o
                                                  src/gfx_mono_framebuffer.o
gfx_mono_ssd1306_put_framebuffer                  src/gfx_mono_ug_2832hsweg04.o
gfx_mono_ssd1306_put_page                         src/gfx_mono_ug_2832hsweg04.o
                                                  src/gfx_mono_generic.o
hardware_init_hook                                c:/program files (x86)/atmel/studio/7.0/toolchain/arm/arm-gnu-toolchain/bin/../lib/gcc/arm-none-eabi/6.3.1/../../../../arm-none-eabi/lib/thumb/v7e-m/crt0.o
io_init                                           src/main.o
itoa                                              c:/program files (x86)/atmel/studio/7.0/toolchain/arm/arm-gnu-toolchain/bin/../lib/gcc/arm-none-eabi/6.3.1/../../../../arm-none-eabi/lib/thumb/v7e-m\libc.a(lib_a-itoa.o)
                                                  src/main.o
link                                              src/ASF/sam/utils/syscalls/gcc/syscalls.o
main                                              src/main.o
                                                  src/ASF/sam/utils/cmsis/same70/source/templates/gcc/startup_same70.o
                                                  c:/program files (x86)/atmel/studio/7.0/toolchain/arm/arm-gnu-toolchain/bin/../lib/gcc/arm-none-eabi/6.3.1/../../../../arm-none-eabi/lib/thumb/v7e-m/crt0.o
malloc                                            c:/program files (x86)/atmel/studio/7.0/toolchain/arm/arm-gnu-toolchain/bin/../lib/gcc/arm-none-eabi/6.3.1/../../../../arm-none-eabi/lib/thumb/v7e-m\libc.a(lib_a-__atexit.o)
memset                                            c:/program files (x86)/atmel/studio/7.0/toolchain/arm/arm-gnu-toolchain/bin/../lib/gcc/arm-none-eabi/6.3.1/../../../../arm-none-eabi/lib/thumb/v7e-m\libc.a(lib_a-memset.o)
                                                  c:/program files (x86)/atmel/studio/7.0/toolchain/arm/arm-gnu-toolchain/bin/../lib/gcc/arm-none-eabi/6.3.1/../../../../arm-none-eabi/lib/thumb/v7e-m/crt0.o
mpu_cal_mpu_region_size                           src/ASF/sam/drivers/mpu/mpu.o
mpu_disable_region                                src/ASF/sam/drivers/mpu/mpu.o
mpu_enable                                        src/ASF/sam/drivers/mpu/mpu.o
mpu_set_region                                    src/ASF/sam/drivers/mpu/mpu.o
mpu_set_region_num                                src/ASF/sam/drivers/mpu/mpu.o
mpu_update_regions                                src/ASF/sam/drivers/mpu/mpu.o
pio_capture_disable                               src/ASF/sam/drivers/pio/pio.o
pio_capture_disable_interrupt                     src/ASF/sam/drivers/pio/pio.o
pio_capture_enable                                src/ASF/sam/drivers/pio/pio.o
pio_capture_enable_flag                           src/ASF/sam/drivers/pio/pio.o
pio_capture_enable_interrupt                      src/ASF/sam/drivers/pio/pio.o
pio_capture_get_interrupt_mask                    src/ASF/sam/drivers/pio/pio.o
pio_capture_get_interrupt_status                  src/ASF/sam/drivers/pio/pio.o
pio_capture_read                                  src/ASF/sam/drivers/pio/pio.o
pio_capture_set_mode                              src/ASF/sam/drivers/pio/pio.o
pio_clear                                         src/ASF/sam/drivers/pio/pio.o
                                                  src/main.o
pio_configure                                     src/ASF/sam/drivers/pio/pio.o
                                                  src/main.o
                                                  src/ssd1306.o
pio_configure_interrupt                           src/ASF/sam/drivers/pio/pio.o
                                                  src/ASF/sam/drivers/pio/pio_handler.o
pio_configure_pin                                 src/ASF/sam/drivers/pio/pio.o
pio_configure_pin_group                           src/ASF/sam/drivers/pio/pio.o
pio_disable_interrupt                             src/ASF/sam/drivers/pio/pio.o
                                                  src/ASF/sam/drivers/pio/pio_handler.o
pio_disable_output_write                          src/ASF/sam/drivers/pio/pio.o
pio_disable_pin_interrupt                         src/ASF/sam/drivers/pio/pio.o
pio_enable_interrupt                              src/ASF/sam/drivers/pio/pio.o
                                                  src/main.o
                                                  src/ASF/sam/drivers/pio/pio_handler.o
pio_enable_output_write                           src/ASF/sam/drivers/pio/pio.o
pio_enable_pin_interrupt                          src/ASF/sam/drivers/pio/pio.o
pio_get                                           src/ASF/sam/drivers/pio/pio.o
pio_get_interrupt_mask                            src/ASF/sam/drivers/pio/pio.o
                                                  src/ASF/sam/drivers/pio/pio_handler.o
pio_get_interrupt_status                          src/ASF/sam/drivers/pio/pio.o
                                                  src/ASF/sam/drivers/pio/pio_handler.o
pio_get_multi_driver_status                       src/ASF/sam/drivers/pio/pio.o
pio_get_output_data_status                        src/ASF/sam/drivers/pio/pio.o
pio_get_output_write_status                       src/ASF/sam/drivers/pio/pio.o
pio_get_pin_group                                 src/ASF/sam/drivers/pio/pio.o
                                                  src/ASF/sam/drivers/pio/pio_handler.o
pio_get_pin_group_id                              src/ASF/sam/drivers/pio/pio.o
                                                  src/ASF/sam/drivers/pio/pio_handler.o
pio_get_pin_group_mask                            src/ASF/sam/drivers/pio/pio.o
                                                  src/ASF/sam/drivers/pio/pio_handler.o
pio_get_pin_value                                 src/ASF/sam/drivers/pio/pio.o
pio_get_schmitt_trigger                           src/ASF/sam/drivers/pio/pio.o
pio_get_writeprotect_status                       src/ASF/sam/drivers/pio/pio.o
pio_handler_process                               src/ASF/sam/drivers/pio/pio_handler.o
pio_handler_set                                   src/ASF/sam/drivers/pio/pio_handler.o
                                                  src/main.o
pio_handler_set_pin                               src/ASF/sam/drivers/pio/pio_handler.o
pio_handler_set_priority                          src/ASF/sam/drivers/pio/pio_handler.o
pio_pull_down                                     src/ASF/sam/drivers/pio/pio.o
pio_pull_up                                       src/ASF/sam/drivers/pio/pio.o
                                                  src/main.o
pio_set                                           src/ASF/sam/drivers/pio/pio.o
                                                  src/main.o
pio_set_additional_interrupt_mode                 src/ASF/sam/drivers/pio/pio.o
pio_set_debounce_filter                           src/ASF/sam/drivers/pio/pio.o
pio_set_input                                     src/ASF/sam/drivers/pio/pio.o
                                                  src/main.o
pio_set_io_drive                                  src/ASF/sam/drivers/pio/pio.o
pio_set_multi_driver                              src/ASF/sam/drivers/pio/pio.o
pio_set_output                                    src/ASF/sam/drivers/pio/pio.o
pio_set_peripheral                                src/ASF/sam/drivers/pio/pio.o
pio_set_pin_group_high                            src/ASF/sam/drivers/pio/pio.o
pio_set_pin_group_low                             src/ASF/sam/drivers/pio/pio.o
pio_set_pin_high                                  src/ASF/sam/drivers/pio/pio.o
pio_set_pin_low                                   src/ASF/sam/drivers/pio/pio.o
pio_set_schmitt_trigger                           src/ASF/sam/drivers/pio/pio.o
pio_set_writeprotect                              src/ASF/sam/drivers/pio/pio.o
pio_sync_output_write                             src/ASF/sam/drivers/pio/pio.o
pio_toggle_pin                                    src/ASF/sam/drivers/pio/pio.o
pio_toggle_pin_group                              src/ASF/sam/drivers/pio/pio.o
pmc_clr_fast_startup_input                        src/ASF/sam/drivers/pmc/pmc.o
pmc_disable_all_pck                               src/ASF/sam/drivers/pmc/pmc.o
pmc_disable_all_periph_clk                        src/ASF/sam/drivers/pmc/pmc.o